Archive member included to satisfy reference by file (symbol)

/Users/georgrokita/.p2/pool/plugins/fr.ac6.mcu.externaltools.arm-none.macos64_1.17.0.201812190825/tools/compiler/bin/../lib/gcc/arm-none-eabi/7.3.1/thumb/v7e-m/fpv4-sp/hard/libgcc.a(_aeabi_uldivmod.o)
                              Drivers/STM32F7xx_HAL_Driver/Src/stm32f7xx_hal_rcc.o (__aeabi_uldivmod)
/Users/georgrokita/.p2/pool/plugins/fr.ac6.mcu.externaltools.arm-none.macos64_1.17.0.201812190825/tools/compiler/bin/../lib/gcc/arm-none-eabi/7.3.1/thumb/v7e-m/fpv4-sp/hard/libgcc.a(_udivmoddi4.o)
                              /Users/georgrokita/.p2/pool/plugins/fr.ac6.mcu.externaltools.arm-none.macos64_1.17.0.201812190825/tools/compiler/bin/../lib/gcc/arm-none-eabi/7.3.1/thumb/v7e-m/fpv4-sp/hard/libgcc.a(_aeabi_uldivmod.o) (__udivmoddi4)
/Users/georgrokita/.p2/pool/plugins/fr.ac6.mcu.externaltools.arm-none.macos64_1.17.0.201812190825/tools/compiler/bin/../lib/gcc/arm-none-eabi/7.3.1/thumb/v7e-m/fpv4-sp/hard/libgcc.a(_dvmd_tls.o)
                              /Users/georgrokita/.p2/pool/plugins/fr.ac6.mcu.externaltools.arm-none.macos64_1.17.0.201812190825/tools/compiler/bin/../lib/gcc/arm-none-eabi/7.3.1/thumb/v7e-m/fpv4-sp/hard/libgcc.a(_aeabi_uldivmod.o) (__aeabi_ldiv0)
/Users/georgrokita/.p2/pool/plugins/fr.ac6.mcu.externaltools.arm-none.macos64_1.17.0.201812190825/tools/compiler/bin/../lib/gcc/arm-none-eabi/7.3.1/../../../../arm-none-eabi/lib/thumb/v7e-m/fpv4-sp/hard/libc_nano.a(lib_a-errno.o)
                              Src/syscalls.o (__errno)
/Users/georgrokita/.p2/pool/plugins/fr.ac6.mcu.externaltools.arm-none.macos64_1.17.0.201812190825/tools/compiler/bin/../lib/gcc/arm-none-eabi/7.3.1/../../../../arm-none-eabi/lib/thumb/v7e-m/fpv4-sp/hard/libc_nano.a(lib_a-exit.o)
                              /Users/georgrokita/.p2/pool/plugins/fr.ac6.mcu.externaltools.arm-none.macos64_1.17.0.201812190825/tools/compiler/bin/../lib/gcc/arm-none-eabi/7.3.1/../../../../arm-none-eabi/lib/thumb/v7e-m/fpv4-sp/hard/crt0.o (exit)
/Users/georgrokita/.p2/pool/plugins/fr.ac6.mcu.externaltools.arm-none.macos64_1.17.0.201812190825/tools/compiler/bin/../lib/gcc/arm-none-eabi/7.3.1/../../../../arm-none-eabi/lib/thumb/v7e-m/fpv4-sp/hard/libc_nano.a(lib_a-impure.o)
                              /Users/georgrokita/.p2/pool/plugins/fr.ac6.mcu.externaltools.arm-none.macos64_1.17.0.201812190825/tools/compiler/bin/../lib/gcc/arm-none-eabi/7.3.1/../../../../arm-none-eabi/lib/thumb/v7e-m/fpv4-sp/hard/libc_nano.a(lib_a-exit.o) (_global_impure_ptr)
/Users/georgrokita/.p2/pool/plugins/fr.ac6.mcu.externaltools.arm-none.macos64_1.17.0.201812190825/tools/compiler/bin/../lib/gcc/arm-none-eabi/7.3.1/../../../../arm-none-eabi/lib/thumb/v7e-m/fpv4-sp/hard/libc_nano.a(lib_a-init.o)
                              /Users/georgrokita/.p2/pool/plugins/fr.ac6.mcu.externaltools.arm-none.macos64_1.17.0.201812190825/tools/compiler/bin/../lib/gcc/arm-none-eabi/7.3.1/../../../../arm-none-eabi/lib/thumb/v7e-m/fpv4-sp/hard/crt0.o (__libc_init_array)
/Users/georgrokita/.p2/pool/plugins/fr.ac6.mcu.externaltools.arm-none.macos64_1.17.0.201812190825/tools/compiler/bin/../lib/gcc/arm-none-eabi/7.3.1/../../../../arm-none-eabi/lib/thumb/v7e-m/fpv4-sp/hard/libc_nano.a(lib_a-memset.o)
                              /Users/georgrokita/.p2/pool/plugins/fr.ac6.mcu.externaltools.arm-none.macos64_1.17.0.201812190825/tools/compiler/bin/../lib/gcc/arm-none-eabi/7.3.1/../../../../arm-none-eabi/lib/thumb/v7e-m/fpv4-sp/hard/crt0.o (memset)
/Users/georgrokita/.p2/pool/plugins/fr.ac6.mcu.externaltools.arm-none.macos64_1.17.0.201812190825/tools/compiler/bin/../lib/gcc/arm-none-eabi/7.3.1/../../../../arm-none-eabi/lib/thumb/v7e-m/fpv4-sp/hard/libc_nano.a(lib_a-printf.o)
                              Src/main.o (printf)
/Users/georgrokita/.p2/pool/plugins/fr.ac6.mcu.externaltools.arm-none.macos64_1.17.0.201812190825/tools/compiler/bin/../lib/gcc/arm-none-eabi/7.3.1/../../../../arm-none-eabi/lib/thumb/v7e-m/fpv4-sp/hard/libc_nano.a(lib_a-puts.o)
                              Src/main.o (puts)
/Users/georgrokita/.p2/pool/plugins/fr.ac6.mcu.externaltools.arm-none.macos64_1.17.0.201812190825/tools/compiler/bin/../lib/gcc/arm-none-eabi/7.3.1/../../../../arm-none-eabi/lib/thumb/v7e-m/fpv4-sp/hard/libc_nano.a(lib_a-wbuf.o)
                              /Users/georgrokita/.p2/pool/plugins/fr.ac6.mcu.externaltools.arm-none.macos64_1.17.0.201812190825/tools/compiler/bin/../lib/gcc/arm-none-eabi/7.3.1/../../../../arm-none-eabi/lib/thumb/v7e-m/fpv4-sp/hard/libc_nano.a(lib_a-puts.o) (__swbuf_r)
/Users/georgrokita/.p2/pool/plugins/fr.ac6.mcu.externaltools.arm-none.macos64_1.17.0.201812190825/tools/compiler/bin/../lib/gcc/arm-none-eabi/7.3.1/../../../../arm-none-eabi/lib/thumb/v7e-m/fpv4-sp/hard/libc_nano.a(lib_a-wsetup.o)
[...]
Memory Configuration

Name             Origin             Length             Attributes
RAM              0x0000000020000000 0x0000000000050000 xrw
FLASH            0x0000000008000000 0x0000000000100000 xr
*default*        0x0000000000000000 0xffffffffffffffff

Linker script and memory map

LOAD /Users/georgrokita/.p2/pool/plugins/fr.ac6.mcu.externaltools.arm-none.macos64_1.17.0.201812190825/tools/compiler/bin/../lib/gcc/arm-none-eabi/7.3.1/thumb/v7e-m/fpv4-sp/hard/crti.o
LOAD /Users/georgrokita/.p2/pool/plugins/fr.ac6.mcu.externaltools.arm-none.macos64_1.17.0.201812190825/tools/compiler/bin/../lib/gcc/arm-none-eabi/7.3.1/thumb/v7e-m/fpv4-sp/hard/crtbegin.o
LOAD /Users/georgrokita/.p2/pool/plugins/fr.ac6.mcu.externaltools.arm-none.macos64_1.17.0.201812190825/tools/compiler/bin/../lib/gcc/arm-none-eabi/7.3.1/../../../../arm-none-eabi/lib/thumb/v7e-m/fpv4-sp/hard/crt0.o
LOAD Drivers/Components/wm8994.o
LOAD Drivers/STM32746G-Disco/stm32746g_discovery.o
LOAD Drivers/STM32746G-Disco/stm32746g_discovery_audio.o
LOAD Drivers/STM32F7xx_HAL_Driver/Src/stm32f7xx_hal.o
LOAD Drivers/STM32F7xx_HAL_Driver/Src/stm32f7xx_hal_adc.o
LOAD Drivers/STM32F7xx_HAL_Driver/Src/stm32f7xx_hal_adc_ex.o
LOAD Drivers/STM32F7xx_HAL_Driver/Src/stm32f7xx_hal_cortex.o
LOAD Drivers/STM32F7xx_HAL_Driver/Src/stm32f7xx_hal_dma.o
LOAD Drivers/STM32F7xx_HAL_Driver/Src/stm32f7xx_hal_dma_ex.o
LOAD Drivers/STM32F7xx_HAL_Driver/Src/stm32f7xx_hal_exti.o
LOAD Drivers/STM32F7xx_HAL_Driver/Src/stm32f7xx_hal_flash.o
LOAD Drivers/STM32F7xx_HAL_Driver/Src/stm32f7xx_hal_flash_ex.o
LOAD Drivers/STM32F7xx_HAL_Driver/Src/stm32f7xx_hal_gpio.o
LOAD Drivers/STM32F7xx_HAL_Driver/Src/stm32f7xx_hal_i2c.o
LOAD Drivers/STM32F7xx_HAL_Driver/Src/stm32f7xx_hal_i2c_ex.o
LOAD Drivers/STM32F7xx_HAL_Driver/Src/stm32f7xx_hal_pwr.o
LOAD Drivers/STM32F7xx_HAL_Driver/Src/stm32f7xx_hal_pwr_ex.o
LOAD Drivers/STM32F7xx_HAL_Driver/Src/stm32f7xx_hal_rcc.o
LOAD Drivers/STM32F7xx_HAL_Driver/Src/stm32f7xx_hal_rcc_ex.o
LOAD Drivers/STM32F7xx_HAL_Driver/Src/stm32f7xx_hal_sai.o
LOAD Drivers/STM32F7xx_HAL_Driver/Src/stm32f7xx_hal_sai_ex.o
LOAD Drivers/STM32F7xx_HAL_Driver/Src/stm32f7xx_hal_tim.o
LOAD Drivers/STM32F7xx_HAL_Driver/Src/stm32f7xx_hal_tim_ex.o
LOAD Src/adc.o
LOAD Src/dma.o
LOAD Src/gfxsimulator.o
LOAD Src/gpio.o
LOAD Src/i2c.o
LOAD Src/main.o
LOAD Src/sai.o
LOAD Src/stm32f7xx_hal_msp.o
LOAD Src/stm32f7xx_it.o
LOAD Src/syscalls.o
LOAD Src/system_stm32f7xx.o
LOAD startup/startup_stm32f746xx.o
LOAD /Users/georgrokita/.p2/pool/plugins/fr.ac6.mcu.externaltools.arm-none.macos64_1.17.0.201812190825/tools/compiler/bin/../lib/gcc/arm-none-eabi/7.3.1/../../../../arm-none-eabi/lib/thumb/v7e-m/fpv4-sp/hard/libm.a
START GROUP
LOAD /Users/georgrokita/.p2/pool/plugins/fr.ac6.mcu.externaltools.arm-none.macos64_1.17.0.201812190825/tools/compiler/bin/../lib/gcc/arm-none-eabi/7.3.1/thumb/v7e-m/fpv4-sp/hard/libgcc.a
LOAD /Users/georgrokita/.p2/pool/plugins/fr.ac6.mcu.externaltools.arm-none.macos64_1.17.0.201812190825/tools/compiler/bin/../lib/gcc/arm-none-eabi/7.3.1/../../../../arm-none-eabi/lib/thumb/v7e-m/fpv4-sp/hard/libc_nano.a
END GROUP
START GROUP
LOAD /Users/georgrokita/.p2/pool/plugins/fr.ac6.mcu.externaltools.arm-none.macos64_1.17.0.201812190825/tools/compiler/bin/../lib/gcc/arm-none-eabi/7.3.1/thumb/v7e-m/fpv4-sp/hard/libgcc.a
LOAD /Users/georgrokita/.p2/pool/plugins/fr.ac6.mcu.externaltools.arm-none.macos64_1.17.0.201812190825/tools/compiler/bin/../lib/gcc/arm-none-eabi/7.3.1/../../../../arm-none-eabi/lib/thumb/v7e-m/fpv4-sp/hard/libc_nano.a
LOAD /Users/georgrokita/.p2/pool/plugins/fr.ac6.mcu.externaltools.arm-none.macos64_1.17.0.201812190825/tools/compiler/bin/../lib/gcc/arm-none-eabi/7.3.1/../../../../arm-none-eabi/lib/thumb/v7e-m/fpv4-sp/hard/libnosys.a
END GROUP
START GROUP
LOAD /Users/georgrokita/.p2/pool/plugins/fr.ac6.mcu.externaltools.arm-none.macos64_1.17.0.201812190825/tools/compiler/bin/../lib/gcc/arm-none-eabi/7.3.1/thumb/v7e-m/fpv4-sp/hard/libgcc.a
LOAD /Users/georgrokita/.p2/pool/plugins/fr.ac6.mcu.externaltools.arm-none.macos64_1.17.0.201812190825/tools/compiler/bin/../lib/gcc/arm-none-eabi/7.3.1/../../../../arm-none-eabi/lib/thumb/v7e-m/fpv4-sp/hard/libc_nano.a
LOAD /Users/georgrokita/.p2/pool/plugins/fr.ac6.mcu.externaltools.arm-none.macos64_1.17.0.201812190825/tools/compiler/bin/../lib/gcc/arm-none-eabi/7.3.1/../../../../arm-none-eabi/lib/thumb/v7e-m/fpv4-sp/hard/libnosys.a
END GROUP
LOAD /Users/georgrokita/.p2/pool/plugins/fr.ac6.mcu.externaltools.arm-none.macos64_1.17.0.201812190825/tools/compiler/bin/../lib/gcc/arm-none-eabi/7.3.1/thumb/v7e-m/fpv4-sp/hard/crtend.o
LOAD /Users/georgrokita/.p2/pool/plugins/fr.ac6.mcu.externaltools.arm-none.macos64_1.17.0.201812190825/tools/compiler/bin/../lib/gcc/arm-none-eabi/7.3.1/thumb/v7e-m/fpv4-sp/hard/crtn.o
                0x0000000020050000                _estack = 0x20050000
                0x0000000000000200                _Min_Heap_Size = 0x200
                0x0000000000000400                _Min_Stack_Size = 0x400

.isr_vector     0x0000000008000000      0x1c8
                0x0000000008000000                . = ALIGN (0x4)
 *(.isr_vector)
 .isr_vector    0x0000000008000000      0x1c8 startup/startup_stm32f746xx.o
                0x0000000008000000                g_pfnVectors
                0x00000000080001c8                . = ALIGN (0x4)

.text           0x00000000080001d0     0x66dc
                0x00000000080001d0                . = ALIGN (0x4)
 *(.text)
 .text          0x00000000080001d0       0x40 /Users/georgrokita/.p2/pool/plugins/fr.ac6.mcu.externaltools.arm-none.macos64_1.17.0.201812190825/tools/compiler/bin/../lib/gcc/arm-none-eabi/7.3.1/thumb/v7e-m/fpv4-sp/hard/crtbegin.o
 .text          0x0000000008000210       0x30 /Users/georgrokita/.p2/pool/plugins/fr.ac6.mcu.externaltools.arm-none.macos64_1.17.0.201812190825/tools/compiler/bin/../lib/gcc/arm-none-eabi/7.3.1/thumb/v7e-m/fpv4-sp/hard/libgcc.a(_aeabi_uldivmod.o)
                0x0000000008000210                __aeabi_uldivmod
 .text          0x0000000008000240      0x2cc /Users/georgrokita/.p2/pool/plugins/fr.ac6.mcu.externaltools.arm-none.macos64_1.17.0.201812190825/tools/compiler/bin/../lib/gcc/arm-none-eabi/7.3.1/thumb/v7e-m/fpv4-sp/hard/libgcc.a(_udivmoddi4.o)
                0x0000000008000240                __udivmoddi4
 .text          0x000000000800050c        0x4 /Users/georgrokita/.p2/pool/plugins/fr.ac6.mcu.externaltools.arm-none.macos64_1.17.0.201812190825/tools/compiler/bin/../lib/gcc/arm-none-eabi/7.3.1/thumb/v7e-m/fpv4-sp/hard/libgcc.a(_dvmd_tls.o)
                0x000000000800050c                __aeabi_ldiv0
                0x000000000800050c                __aeabi_idiv0
 .text          0x0000000008000510       0xa0 /Users/georgrokita/.p2/pool/plugins/fr.ac6.mcu.externaltools.arm-none.macos64_1.17.0.201812190825/tools/compiler/bin/../lib/gcc/arm-none-eabi/7.3.1/../../../../arm-none-eabi/lib/thumb/v7e-m/fpv4-sp/hard/libc_nano.a(lib_a-memchr.o)
                0x0000000008000510                memchr
 *(.text*)
 .text.CODEC_IO_Write
                0x00000000080005b0       0x1e Drivers/Components/wm8994.o
 *fill*         0x00000000080005ce        0x2 
 .text.wm8994_SetMute
                0x00000000080005d0       0x58 Drivers/Components/wm8994.o
                0x00000000080005d0                wm8994_SetMute
 .text.wm8994_Play
                0x0000000008000628        0xa Drivers/Components/wm8994.o
                0x0000000008000628                wm8994_Play
 .text.wm8994_Resume
                0x0000000008000632        0xa Drivers/Components/wm8994.o
                0x0000000008000632                wm8994_Resume
 .text.wm8994_Pause
                0x000000000800063c       0x1a Drivers/Components/wm8994.o
                0x000000000800063c                wm8994_Pause
 *fill*         0x0000000008000656        0x2 
 .text.wm8994_Stop
                0x0000000008000658       0x7c Drivers/Components/wm8994.o
                0x0000000008000658                wm8994_Stop
 .text.wm8994_SetVolume
                0x00000000080006d4      0x134 Drivers/Components/wm8994.o
                0x00000000080006d4                wm8994_SetVolume
 .text.wm8994_Init
                0x0000000008000808      0x784 Drivers/Components/wm8994.o
                0x0000000008000808                wm8994_Init
 .text.wm8994_SetOutputMode
                0x0000000008000f8c      0x136 Drivers/Components/wm8994.o
                0x0000000008000f8c                wm8994_SetOutputMode
 *fill*         0x00000000080010c2        0x2 
 .text.wm8994_SetFrequency
                0x00000000080010c4       0xc0 Drivers/Components/wm8994.o
                0x00000000080010c4                wm8994_SetFrequency
 .text.wm8994_Reset
                0x0000000008001184       0x1c Drivers/Components/wm8994.o
                0x0000000008001184                wm8994_Reset
 .text.wm8994_ReadID
                0x00000000080011a0       0x12 Drivers/Components/wm8994.o
                0x00000000080011a0                wm8994_ReadID
 .text.wm8994_DeInit
                0x00000000080011b2        0x8 Drivers/Components/wm8994.o
                0x00000000080011b2                wm8994_DeInit
 *fill*         0x00000000080011ba        0x2 
 .text.I2Cx_MspInit
                0x00000000080011bc      0x128 Drivers/STM32746G-Disco/stm32746g_discovery.o
 .text.I2Cx_Init
                0x00000000080012e4       0x4c Drivers/STM32746G-Disco/stm32746g_discovery.o
 .text.I2Cx_Error
                0x0000000008001330       0x10 Drivers/STM32746G-Disco/stm32746g_discovery.o
 .text.I2Cx_WriteMultiple
                0x0000000008001340       0x32 Drivers/STM32746G-Disco/stm32746g_discovery.o
 .text.I2Cx_ReadMultiple
                0x0000000008001372       0x32 Drivers/STM32746G-Disco/stm32746g_discovery.o
 .text.AUDIO_IO_Init
                0x00000000080013a4       0x10 Drivers/STM32746G-Disco/stm32746g_discovery.o
                0x00000000080013a4                AUDIO_IO_Init
 .text.AUDIO_IO_DeInit
                0x00000000080013b4        0x2 Drivers/STM32746G-Disco/stm32746g_discovery.o
                0x00000000080013b4                AUDIO_IO_DeInit
 *fill*         0x00000000080013b6        0x2 
 .text.AUDIO_IO_Write
                0x00000000080013b8       0x2c Drivers/STM32746G-Disco/stm32746g_discovery.o
                0x00000000080013b8                AUDIO_IO_Write
 .text.AUDIO_IO_Read
                0x00000000080013e4       0x34 Drivers/STM32746G-Disco/stm32746g_discovery.o
                0x00000000080013e4                AUDIO_IO_Read
 .text.AUDIO_IO_Delay
                0x0000000008001418        0x8 Drivers/STM32746G-Disco/stm32746g_discovery.o
                0x0000000008001418                AUDIO_IO_Delay
 .text.SAIx_Out_DeInit
                0x0000000008001420       0x20 Drivers/STM32746G-Disco/stm32746g_discovery_audio.o
 .text.SAIx_In_DeInit
                0x0000000008001440       0x20 Drivers/STM32746G-Disco/stm32746g_discovery_audio.o
 .text.SAIx_Out_Init
                0x0000000008001460       0x6c Drivers/STM32746G-Disco/stm32746g_discovery_audio.o
 .text.SAIx_In_Init
                0x00000000080014cc      0x100 Drivers/STM32746G-Disco/stm32746g_discovery_audio.o
 .text.BSP_AUDIO_OUT_TransferComplete_CallBack
                0x00000000080015cc        0x2 Drivers/STM32746G-Disco/stm32746g_discovery_audio.o
                0x00000000080015cc                BSP_AUDIO_OUT_TransferComplete_CallBack
 .text.HAL_SAI_TxCpltCallback
                0x00000000080015ce        0x8 Drivers/STM32746G-Disco/stm32746g_discovery_audio.o
                0x00000000080015ce                HAL_SAI_TxCpltCallback
 .text.HAL_SAI_TxHalfCpltCallback
                0x00000000080015d6        0x8 Drivers/STM32746G-Disco/stm32746g_discovery_audio.o
                0x00000000080015d6                HAL_SAI_TxHalfCpltCallback
 .text.BSP_AUDIO_OUT_Error_CallBack
                0x00000000080015de        0x2 Drivers/STM32746G-Disco/stm32746g_discovery_audio.o
                0x00000000080015de                BSP_AUDIO_OUT_Error_CallBack
 .text.BSP_AUDIO_OUT_MspInit
                0x00000000080015e0      0x174 Drivers/STM32746G-Disco/stm32746g_discovery_audio.o
                0x00000000080015e0                BSP_AUDIO_OUT_MspInit
 .text.BSP_AUDIO_OUT_ClockConfig
                0x0000000008001754       0x6a Drivers/STM32746G-Disco/stm32746g_discovery_audio.o
                0x0000000008001754                BSP_AUDIO_OUT_ClockConfig
 *fill*         0x00000000080017be        0x2 
 .text.BSP_AUDIO_OUT_Init
                0x00000000080017c0       0x74 Drivers/STM32746G-Disco/stm32746g_discovery_audio.o
                0x00000000080017c0                BSP_AUDIO_OUT_Init
 .text.HAL_SAI_RxCpltCallback
                0x0000000008001834        0x8 Drivers/STM32746G-Disco/stm32746g_discovery_audio.o
                0x0000000008001834                HAL_SAI_RxCpltCallback
 .text.HAL_SAI_RxHalfCpltCallback
                0x000000000800183c        0x8 Drivers/STM32746G-Disco/stm32746g_discovery_audio.o
                0x000000000800183c                HAL_SAI_RxHalfCpltCallback
 .text.HAL_SAI_ErrorCallback
                0x0000000008001844       0x38 Drivers/STM32746G-Disco/stm32746g_discovery_audio.o
                0x0000000008001844                HAL_SAI_ErrorCallback
 .text.BSP_AUDIO_IN_MspInit
                0x000000000800187c      0x12c Drivers/STM32746G-Disco/stm32746g_discovery_audio.o
                0x000000000800187c                BSP_AUDIO_IN_MspInit
 .text.BSP_AUDIO_IN_InitEx
                0x00000000080019a8       0xa0 Drivers/STM32746G-Disco/stm32746g_discovery_audio.o
                0x00000000080019a8                BSP_AUDIO_IN_InitEx
 .text.BSP_AUDIO_IN_Init
                0x0000000008001a48       0x12 Drivers/STM32746G-Disco/stm32746g_discovery_audio.o
                0x0000000008001a48                BSP_AUDIO_IN_Init
 *fill*         0x0000000008001a5a        0x2 
 .text.HAL_InitTick
                0x0000000008001a5c       0x48 Drivers/STM32F7xx_HAL_Driver/Src/stm32f7xx_hal.o
                0x0000000008001a5c                HAL_InitTick
 .text.HAL_Init
                0x0000000008001aa4       0x16 Drivers/STM32F7xx_HAL_Driver/Src/stm32f7xx_hal.o
                0x0000000008001aa4                HAL_Init
 *fill*         0x0000000008001aba        0x2 
 .text.HAL_IncTick
                0x0000000008001abc       0x18 Drivers/STM32F7xx_HAL_Driver/Src/stm32f7xx_hal.o
                0x0000000008001abc                HAL_IncTick
 .text.HAL_GetTick
                0x0000000008001ad4        0xc Drivers/STM32F7xx_HAL_Driver/Src/stm32f7xx_hal.o
                0x0000000008001ad4                HAL_GetTick
 .text.HAL_Delay
                0x0000000008001ae0       0x28 Drivers/STM32F7xx_HAL_Driver/Src/stm32f7xx_hal.o
                0x0000000008001ae0                HAL_Delay
 .text.ADC_Init
                0x0000000008001b08      0x134 Drivers/STM32F7xx_HAL_Driver/Src/stm32f7xx_hal_adc.o
 .text.HAL_ADC_Init
                0x0000000008001c3c       0x58 Drivers/STM32F7xx_HAL_Driver/Src/stm32f7xx_hal_adc.o
                0x0000000008001c3c                HAL_ADC_Init
 .text.HAL_ADC_ConfigChannel
                0x0000000008001c94      0x1ac Drivers/STM32F7xx_HAL_Driver/Src/stm32f7xx_hal_adc.o
                0x0000000008001c94                HAL_ADC_ConfigChannel
 .text.HAL_NVIC_SetPriorityGrouping
                0x0000000008001e40       0x24 Drivers/STM32F7xx_HAL_Driver/Src/stm32f7xx_hal_cortex.o
                0x0000000008001e40                HAL_NVIC_SetPriorityGrouping
 .text.HAL_NVIC_SetPriority
                0x0000000008001e64       0x64 Drivers/STM32F7xx_HAL_Driver/Src/stm32f7xx_hal_cortex.o
                0x0000000008001e64                HAL_NVIC_SetPriority
 .text.HAL_NVIC_EnableIRQ
                0x0000000008001ec8       0x1c Drivers/STM32F7xx_HAL_Driver/Src/stm32f7xx_hal_cortex.o
                0x0000000008001ec8                HAL_NVIC_EnableIRQ
 .text.HAL_NVIC_DisableIRQ
                0x0000000008001ee4       0x24 Drivers/STM32F7xx_HAL_Driver/Src/stm32f7xx_hal_cortex.o
                0x0000000008001ee4                HAL_NVIC_DisableIRQ
 .text.HAL_SYSTICK_Config
                0x0000000008001f08       0x2c Drivers/STM32F7xx_HAL_Driver/Src/stm32f7xx_hal_cortex.o
                0x0000000008001f08                HAL_SYSTICK_Config
 .text.DMA_SetConfig
                0x0000000008001f34       0x2c Drivers/STM32F7xx_HAL_Driver/Src/stm32f7xx_hal_dma.o
 .text.DMA_CalcBaseAndBitshift
                0x0000000008001f60       0x38 Drivers/STM32F7xx_HAL_Driver/Src/stm32f7xx_hal_dma.o
 .text.DMA_CheckFifoParam
                0x0000000008001f98       0x8e Drivers/STM32F7xx_HAL_Driver/Src/stm32f7xx_hal_dma.o
 *fill*         0x0000000008002026        0x2 
 .text.HAL_DMA_Init
                0x0000000008002028       0xcc Drivers/STM32F7xx_HAL_Driver/Src/stm32f7xx_hal_dma.o
                0x0000000008002028                HAL_DMA_Init
 .text.HAL_DMA_DeInit
                0x00000000080020f4       0x66 Drivers/STM32F7xx_HAL_Driver/Src/stm32f7xx_hal_dma.o
                0x00000000080020f4                HAL_DMA_DeInit
 .text.HAL_DMA_Start_IT
                0x000000000800215a       0x74 Drivers/STM32F7xx_HAL_Driver/Src/stm32f7xx_hal_dma.o
                0x000000000800215a                HAL_DMA_Start_IT
 .text.HAL_DMA_Abort
                0x00000000080021ce       0x94 Drivers/STM32F7xx_HAL_Driver/Src/stm32f7xx_hal_dma.o
                0x00000000080021ce                HAL_DMA_Abort
 .text.HAL_DMA_Abort_IT
                0x0000000008002262       0x26 Drivers/STM32F7xx_HAL_Driver/Src/stm32f7xx_hal_dma.o
                0x0000000008002262                HAL_DMA_Abort_IT
 .text.HAL_DMA_IRQHandler
                0x0000000008002288      0x1dc Drivers/STM32F7xx_HAL_Driver/Src/stm32f7xx_hal_dma.o
                0x0000000008002288                HAL_DMA_IRQHandler
 .text.HAL_GPIO_Init
                0x0000000008002464      0x1e0 Drivers/STM32F7xx_HAL_Driver/Src/stm32f7xx_hal_gpio.o
                0x0000000008002464                HAL_GPIO_Init
 .text.HAL_GPIO_DeInit
                0x0000000008002644      0x13c Drivers/STM32F7xx_HAL_Driver/Src/stm32f7xx_hal_gpio.o
                0x0000000008002644                HAL_GPIO_DeInit
 .text.HAL_GPIO_WritePin
                0x0000000008002780        0xc Drivers/STM32F7xx_HAL_Driver/Src/stm32f7xx_hal_gpio.o
                0x0000000008002780                HAL_GPIO_WritePin
 .text.I2C_Flush_TXDR
                0x000000000800278c       0x22 Drivers/STM32F7xx_HAL_Driver/Src/stm32f7xx_hal_i2c.o
 .text.I2C_TransferConfig
                0x00000000080027ae       0x36 Drivers/STM32F7xx_HAL_Driver/Src/stm32f7xx_hal_i2c.o
 .text.I2C_Disable_IRQ
                0x00000000080027e4       0xb8 Drivers/STM32F7xx_HAL_Driver/Src/stm32f7xx_hal_i2c.o
 .text.I2C_IsAcknowledgeFailed
                0x000000000800289c       0x90 Drivers/STM32F7xx_HAL_Driver/Src/stm32f7xx_hal_i2c.o
 .text.I2C_WaitOnTXISFlagUntilTimeout
                0x000000000800292c       0x56 Drivers/STM32F7xx_HAL_Driver/Src/stm32f7xx_hal_i2c.o
 .text.I2C_WaitOnFlagUntilTimeout
                0x0000000008002982       0x52 Drivers/STM32F7xx_HAL_Driver/Src/stm32f7xx_hal_i2c.o
 .text.I2C_RequestMemoryWrite
                0x00000000080029d4       0x70 Drivers/STM32F7xx_HAL_Driver/Src/stm32f7xx_hal_i2c.o
 .text.I2C_RequestMemoryRead
                0x0000000008002a44       0x70 Drivers/STM32F7xx_HAL_Driver/Src/stm32f7xx_hal_i2c.o
 .text.I2C_WaitOnSTOPFlagUntilTimeout
                0x0000000008002ab4       0x50 Drivers/STM32F7xx_HAL_Driver/Src/stm32f7xx_hal_i2c.o
 .text.HAL_I2C_Init
                0x0000000008002b04       0xbc Drivers/STM32F7xx_HAL_Driver/Src/stm32f7xx_hal_i2c.o
                0x0000000008002b04                HAL_I2C_Init
 .text.HAL_I2C_DeInit
                0x0000000008002bc0       0x32 Drivers/STM32F7xx_HAL_Driver/Src/stm32f7xx_hal_i2c.o
                0x0000000008002bc0                HAL_I2C_DeInit
 .text.HAL_I2C_Mem_Write
                0x0000000008002bf2      0x1ae Drivers/STM32F7xx_HAL_Driver/Src/stm32f7xx_hal_i2c.o
                0x0000000008002bf2                HAL_I2C_Mem_Write
 .text.HAL_I2C_Mem_Read
                0x0000000008002da0      0x1b8 Drivers/STM32F7xx_HAL_Driver/Src/stm32f7xx_hal_i2c.o
                0x0000000008002da0                HAL_I2C_Mem_Read
 .text.HAL_I2C_EV_IRQHandler
                0x0000000008002f58       0x10 Drivers/STM32F7xx_HAL_Driver/Src/stm32f7xx_hal_i2c.o
                0x0000000008002f58                HAL_I2C_EV_IRQHandler
 .text.HAL_I2C_SlaveTxCpltCallback
                0x0000000008002f68        0x2 Drivers/STM32F7xx_HAL_Driver/Src/stm32f7xx_hal_i2c.o
                0x0000000008002f68                HAL_I2C_SlaveTxCpltCallback
 .text.HAL_I2C_SlaveRxCpltCallback
                0x0000000008002f6a        0x2 Drivers/STM32F7xx_HAL_Driver/Src/stm32f7xx_hal_i2c.o
                0x0000000008002f6a                HAL_I2C_SlaveRxCpltCallback
 .text.I2C_ITSlaveSeqCplt
                0x0000000008002f6c       0x5c Drivers/STM32F7xx_HAL_Driver/Src/stm32f7xx_hal_i2c.o
 .text.HAL_I2C_AddrCallback
                0x0000000008002fc8        0x2 Drivers/STM32F7xx_HAL_Driver/Src/stm32f7xx_hal_i2c.o
                0x0000000008002fc8                HAL_I2C_AddrCallback
 .text.I2C_ITAddrCplt
                0x0000000008002fca       0x9c Drivers/STM32F7xx_HAL_Driver/Src/stm32f7xx_hal_i2c.o
 .text.HAL_I2C_ListenCpltCallback
                0x0000000008003066        0x2 Drivers/STM32F7xx_HAL_Driver/Src/stm32f7xx_hal_i2c.o
                0x0000000008003066                HAL_I2C_ListenCpltCallback
 .text.I2C_ITListenCplt
                0x0000000008003068       0x64 Drivers/STM32F7xx_HAL_Driver/Src/stm32f7xx_hal_i2c.o
 .text.HAL_I2C_ErrorCallback
                0x00000000080030cc        0x2 Drivers/STM32F7xx_HAL_Driver/Src/stm32f7xx_hal_i2c.o
                0x00000000080030cc                HAL_I2C_ErrorCallback
 .text.HAL_I2C_AbortCpltCallback
                0x00000000080030ce        0x2 Drivers/STM32F7xx_HAL_Driver/Src/stm32f7xx_hal_i2c.o
                0x00000000080030ce                HAL_I2C_AbortCpltCallback
 .text.I2C_ITError
                0x00000000080030d0       0xf4 Drivers/STM32F7xx_HAL_Driver/Src/stm32f7xx_hal_i2c.o
 .text.I2C_ITSlaveCplt
                0x00000000080031c4      0x120 Drivers/STM32F7xx_HAL_Driver/Src/stm32f7xx_hal_i2c.o
 .text.I2C_Slave_ISR_IT
                0x00000000080032e4      0x15a Drivers/STM32F7xx_HAL_Driver/Src/stm32f7xx_hal_i2c.o
 .text.HAL_I2C_ER_IRQHandler
                0x000000000800343e       0x6a Drivers/STM32F7xx_HAL_Driver/Src/stm32f7xx_hal_i2c.o
                0x000000000800343e                HAL_I2C_ER_IRQHandler
 .text.I2C_DMAAbort
                0x00000000080034a8       0x2a Drivers/STM32F7xx_HAL_Driver/Src/stm32f7xx_hal_i2c.o
 .text.HAL_I2C_GetState
                0x00000000080034d2        0x6 Drivers/STM32F7xx_HAL_Driver/Src/stm32f7xx_hal_i2c.o
                0x00000000080034d2                HAL_I2C_GetState
 .text.HAL_I2CEx_ConfigAnalogFilter
                0x00000000080034d8       0x5c Drivers/STM32F7xx_HAL_Driver/Src/stm32f7xx_hal_i2c_ex.o
                0x00000000080034d8                HAL_I2CEx_ConfigAnalogFilter
 .text.HAL_I2CEx_ConfigDigitalFilter
                0x0000000008003534       0x58 Drivers/STM32F7xx_HAL_Driver/Src/stm32f7xx_hal_i2c_ex.o
                0x0000000008003534                HAL_I2CEx_ConfigDigitalFilter
 .text.HAL_RCC_OscConfig
                0x000000000800358c      0x3d4 Drivers/STM32F7xx_HAL_Driver/Src/stm32f7xx_hal_rcc.o
                0x000000000800358c                HAL_RCC_OscConfig
 .text.HAL_RCC_GetSysClockFreq
                0x0000000008003960       0xa8 Drivers/STM32F7xx_HAL_Driver/Src/stm32f7xx_hal_rcc.o
                0x0000000008003960                HAL_RCC_GetSysClockFreq
 .text.HAL_RCC_ClockConfig
                0x0000000008003a08      0x164 Drivers/STM32F7xx_HAL_Driver/Src/stm32f7xx_hal_rcc.o
                0x0000000008003a08                HAL_RCC_ClockConfig
 .text.HAL_RCCEx_PeriphCLKConfig
                0x0000000008003b6c      0x5ac Drivers/STM32F7xx_HAL_Driver/Src/stm32f7xx_hal_rcc_ex.o
                0x0000000008003b6c                HAL_RCCEx_PeriphCLKConfig
 .text.HAL_RCCEx_GetPeriphCLKConfig
                0x0000000008004118      0x164 Drivers/STM32F7xx_HAL_Driver/Src/stm32f7xx_hal_rcc_ex.o
                0x0000000008004118                HAL_RCCEx_GetPeriphCLKConfig
 .text.HAL_RCCEx_GetPeriphCLKFreq
                0x000000000800427c      0x1b0 Drivers/STM32F7xx_HAL_Driver/Src/stm32f7xx_hal_rcc_ex.o
                0x000000000800427c                HAL_RCCEx_GetPeriphCLKFreq
 .text.SAI_InitI2S
                0x000000000800442c       0xe0 Drivers/STM32F7xx_HAL_Driver/Src/stm32f7xx_hal_sai.o
 .text.SAI_InitPCM
                0x000000000800450c       0xa4 Drivers/STM32F7xx_HAL_Driver/Src/stm32f7xx_hal_sai.o
 .text.SAI_InterruptFlag
                0x00000000080045b0       0x34 Drivers/STM32F7xx_HAL_Driver/Src/stm32f7xx_hal_sai.o
 .text.SAI_Disable
                0x00000000080045e4       0x44 Drivers/STM32F7xx_HAL_Driver/Src/stm32f7xx_hal_sai.o
 .text.HAL_SAI_Init
                0x0000000008004628      0x208 Drivers/STM32F7xx_HAL_Driver/Src/stm32f7xx_hal_sai.o
                0x0000000008004628                HAL_SAI_Init
 .text.HAL_SAI_InitProtocol
                0x0000000008004830       0x30 Drivers/STM32F7xx_HAL_Driver/Src/stm32f7xx_hal_sai.o
                0x0000000008004830                HAL_SAI_InitProtocol
 .text.HAL_SAI_DeInit
                0x0000000008004860       0x42 Drivers/STM32F7xx_HAL_Driver/Src/stm32f7xx_hal_sai.o
                0x0000000008004860                HAL_SAI_DeInit
 .text.HAL_SAI_Abort
                0x00000000080048a2       0xbc Drivers/STM32F7xx_HAL_Driver/Src/stm32f7xx_hal_sai.o
                0x00000000080048a2                HAL_SAI_Abort
 *fill*         0x000000000800495e        0x2 
 .text.HAL_SAI_Transmit_DMA
                0x0000000008004960       0xc8 Drivers/STM32F7xx_HAL_Driver/Src/stm32f7xx_hal_sai.o
                0x0000000008004960                HAL_SAI_Transmit_DMA
 .text.HAL_SAI_Receive_DMA
                0x0000000008004a28       0xc8 Drivers/STM32F7xx_HAL_Driver/Src/stm32f7xx_hal_sai.o
                0x0000000008004a28                HAL_SAI_Receive_DMA
 .text.SAI_DMATxCplt
                0x0000000008004af0       0x3c Drivers/STM32F7xx_HAL_Driver/Src/stm32f7xx_hal_sai.o
 .text.SAI_DMATxHalfCplt
                0x0000000008004b2c        0xa Drivers/STM32F7xx_HAL_Driver/Src/stm32f7xx_hal_sai.o
 .text.SAI_DMARxCplt
                0x0000000008004b36       0x3c Drivers/STM32F7xx_HAL_Driver/Src/stm32f7xx_hal_sai.o
 .text.SAI_DMARxHalfCplt
                0x0000000008004b72        0xa Drivers/STM32F7xx_HAL_Driver/Src/stm32f7xx_hal_sai.o
 .text.SAI_DMAError
                0x0000000008004b7c       0x44 Drivers/STM32F7xx_HAL_Driver/Src/stm32f7xx_hal_sai.o
 .text.HAL_SAI_IRQHandler
                0x0000000008004bc0      0x190 Drivers/STM32F7xx_HAL_Driver/Src/stm32f7xx_hal_sai.o
                0x0000000008004bc0                HAL_SAI_IRQHandler
 .text.SAI_DMAAbort
                0x0000000008004d50       0x48 Drivers/STM32F7xx_HAL_Driver/Src/stm32f7xx_hal_sai.o
 .text.HAL_SAI_GetState
                0x0000000008004d98        0x6 Drivers/STM32F7xx_HAL_Driver/Src/stm32f7xx_hal_sai.o
                0x0000000008004d98                HAL_SAI_GetState
 *fill*         0x0000000008004d9e        0x2 
 .text.MX_ADC3_Init
                0x0000000008004da0       0x70 Src/adc.o
                0x0000000008004da0                MX_ADC3_Init
 .text.HAL_ADC_MspInit
                0x0000000008004e10       0xa0 Src/adc.o
                0x0000000008004e10                HAL_ADC_MspInit
 .text.MX_DMA_Init
                0x0000000008004eb0       0x44 Src/dma.o
                0x0000000008004eb0                MX_DMA_Init
 .text.MX_GFXSIMULATOR_Init
                0x0000000008004ef4        0x2 Src/gfxsimulator.o
                0x0000000008004ef4                MX_GFXSIMULATOR_Init
 *fill*         0x0000000008004ef6        0x2 
 .text.MX_GPIO_Init
                0x0000000008004ef8       0xa8 Src/gpio.o
                0x0000000008004ef8                MX_GPIO_Init
 .text.MX_I2C3_Init
                0x0000000008004fa0       0x58 Src/i2c.o
                0x0000000008004fa0                MX_I2C3_Init
 .text.HAL_I2C_MspInit
                0x0000000008004ff8       0x90 Src/i2c.o
                0x0000000008004ff8                HAL_I2C_MspInit
 .text.HAL_I2C_MspDeInit
                0x0000000008005088       0x3c Src/i2c.o
                0x0000000008005088                HAL_I2C_MspDeInit
 .text.CopyBuffer
                0x00000000080050c4       0x1e Src/main.o
 *fill*         0x00000000080050e2        0x2 
 .text.SAIx_In_DeInit
                0x00000000080050e4       0x34 Src/main.o
 .text.SAI_AUDIO_IN_MspInit
                0x0000000008005118      0x10c Src/main.o
 .text.SAIx_In_Init
                0x0000000008005224       0xfc Src/main.o
 .text.EBM_AUDIO_IN_OUT_Init
                0x0000000008005320       0x88 Src/main.o
 .text._BSP_AUDIO_OUT_Play
                0x00000000080053a8       0x38 Src/main.o
 .text.SystemClock_Config
                0x00000000080053e0       0xb8 Src/main.o
                0x00000000080053e0                SystemClock_Config
 .text.DMA2_Stream4_IRQHandler
                0x0000000008005498       0x10 Src/main.o
                0x0000000008005498                DMA2_Stream4_IRQHandler
 .text.DMA2_Stream1_IRQHandler
                0x00000000080054a8       0x10 Src/main.o
                0x00000000080054a8                DMA2_Stream1_IRQHandler
 .text.get_max_val
                0x00000000080054b8       0x78 Src/main.o
                0x00000000080054b8                get_max_val
 .text.AUDIO_LOOPBACK
                0x0000000008005530       0xf0 Src/main.o
                0x0000000008005530                AUDIO_LOOPBACK
 .text.main     0x0000000008005620       0x48 Src/main.o
                0x0000000008005620                main
 .text.BSP_AUDIO_OUT_HalfTransfer_CallBack
                0x0000000008005668        0xc Src/main.o
                0x0000000008005668                BSP_AUDIO_OUT_HalfTransfer_CallBack
 .text.BSP_AUDIO_IN_TransferComplete_CallBack
                0x0000000008005674        0xc Src/main.o
                0x0000000008005674                BSP_AUDIO_IN_TransferComplete_CallBack
 .text.BSP_AUDIO_IN_HalfTransfer_CallBack
                0x0000000008005680        0xc Src/main.o
                0x0000000008005680                BSP_AUDIO_IN_HalfTransfer_CallBack
 .text.BSP_AUDIO_IN_Error_CallBack
                0x000000000800568c        0x2 Src/main.o
                0x000000000800568c                BSP_AUDIO_IN_Error_CallBack
 .text.Error_Handler
                0x000000000800568e        0x2 Src/main.o
                0x000000000800568e                Error_Handler
 .text.MX_SAI2_Init
                0x0000000008005690       0x3c Src/sai.o
                0x0000000008005690                MX_SAI2_Init
 .text.HAL_SAI_MspInit
                0x00000000080056cc       0xcc Src/sai.o
                0x00000000080056cc                HAL_SAI_MspInit
 .text.HAL_SAI_MspDeInit
                0x0000000008005798       0x50 Src/sai.o
                0x0000000008005798                HAL_SAI_MspDeInit
 .text.HAL_MspInit
                0x00000000080057e8       0x30 Src/stm32f7xx_hal_msp.o
                0x00000000080057e8                HAL_MspInit
 .text.NMI_Handler
                0x0000000008005818        0x2 Src/stm32f7xx_it.o
                0x0000000008005818                NMI_Handler
 .text.HardFault_Handler
                0x000000000800581a        0x2 Src/stm32f7xx_it.o
                0x000000000800581a                HardFault_Handler
 .text.MemManage_Handler
                0x000000000800581c        0x2 Src/stm32f7xx_it.o
                0x000000000800581c                MemManage_Handler
 .text.BusFault_Handler
                0x000000000800581e        0x2 Src/stm32f7xx_it.o
                0x000000000800581e                BusFault_Handler
 .text.UsageFault_Handler
                0x0000000008005820        0x2 Src/stm32f7xx_it.o
                0x0000000008005820                UsageFault_Handler
 .text.SVC_Handler
                0x0000000008005822        0x2 Src/stm32f7xx_it.o
                0x0000000008005822                SVC_Handler
 .text.DebugMon_Handler
                0x0000000008005824        0x2 Src/stm32f7xx_it.o
                0x0000000008005824                DebugMon_Handler
 .text.PendSV_Handler
                0x0000000008005826        0x2 Src/stm32f7xx_it.o
                0x0000000008005826                PendSV_Handler
 .text.SysTick_Handler
                0x0000000008005828        0x8 Src/stm32f7xx_it.o
                0x0000000008005828                SysTick_Handler
 .text.DMA2_Stream0_IRQHandler
                0x0000000008005830       0x10 Src/stm32f7xx_it.o
                0x0000000008005830                DMA2_Stream0_IRQHandler
 .text.I2C3_EV_IRQHandler
                0x0000000008005840       0x10 Src/stm32f7xx_it.o
                0x0000000008005840                I2C3_EV_IRQHandler
 .text.I2C3_ER_IRQHandler
                0x0000000008005850       0x10 Src/stm32f7xx_it.o
                0x0000000008005850                I2C3_ER_IRQHandler
 .text.SAI2_IRQHandler
                0x0000000008005860       0x10 Src/stm32f7xx_it.o
                0x0000000008005860                SAI2_IRQHandler
 .text._read    0x0000000008005870       0x1c Src/syscalls.o
                0x0000000008005870                _read
 .text._write   0x000000000800588c       0x1c Src/syscalls.o
                0x000000000800588c                _write
 .text._sbrk    0x00000000080058a8       0x3c Src/syscalls.o
                0x00000000080058a8                _sbrk
 .text._close   0x00000000080058e4        0x6 Src/syscalls.o
                0x00000000080058e4                _close
 .text._fstat   0x00000000080058ea        0xa Src/syscalls.o
                0x00000000080058ea                _fstat
 .text._isatty  0x00000000080058f4        0x4 Src/syscalls.o
                0x00000000080058f4                _isatty
 .text._lseek   0x00000000080058f8        0x4 Src/syscalls.o
                0x00000000080058f8                _lseek
 .text.SystemInit
                0x00000000080058fc       0x50 Src/system_stm32f7xx.o
                0x00000000080058fc                SystemInit
 .text.Reset_Handler
                0x000000000800594c       0x50 startup/startup_stm32f746xx.o
                0x000000000800594c                Reset_Handler
 .text.Default_Handler
                0x000000000800599c        0x2 startup/startup_stm32f746xx.o
                0x000000000800599c                DMA1_Stream3_IRQHandler
                0x000000000800599c                EXTI2_IRQHandler
                0x000000000800599c                TIM8_CC_IRQHandler
                0x000000000800599c                UART8_IRQHandler
                0x000000000800599c                SPI4_IRQHandler
                0x000000000800599c                TIM1_CC_IRQHandler
                0x000000000800599c                DMA2_Stream5_IRQHandler
                0x000000000800599c                DMA1_Stream5_IRQHandler
                0x000000000800599c                PVD_IRQHandler
                0x000000000800599c                TAMP_STAMP_IRQHandler
                0x000000000800599c                CAN2_RX1_IRQHandler
                0x000000000800599c                EXTI3_IRQHandler
                0x000000000800599c                TIM8_TRG_COM_TIM14_IRQHandler
                0x000000000800599c                TIM1_UP_TIM10_IRQHandler
                0x000000000800599c                TIM8_UP_TIM13_IRQHandler
                0x000000000800599c                EXTI0_IRQHandler
                0x000000000800599c                I2C2_EV_IRQHandler
                0x000000000800599c                DMA1_Stream2_IRQHandler
                0x000000000800599c                CAN1_RX0_IRQHandler
                0x000000000800599c                FPU_IRQHandler
                0x000000000800599c                OTG_HS_WKUP_IRQHandler
                0x000000000800599c                LTDC_ER_IRQHandler
                0x000000000800599c                CAN2_SCE_IRQHandler
                0x000000000800599c                DMA2_Stream2_IRQHandler
                0x000000000800599c                SPI1_IRQHandler
                0x000000000800599c                TIM6_DAC_IRQHandler
                0x000000000800599c                TIM1_BRK_TIM9_IRQHandler
                0x000000000800599c                DCMI_IRQHandler
                0x000000000800599c                CAN2_RX0_IRQHandler
                0x000000000800599c                DMA2_Stream3_IRQHandler
                0x000000000800599c                USART6_IRQHandler
                0x000000000800599c                USART3_IRQHandler
                0x000000000800599c                CAN1_RX1_IRQHandler
                0x000000000800599c                UART5_IRQHandler
                0x000000000800599c                TIM4_IRQHandler
                0x000000000800599c                QUADSPI_IRQHandler
                0x000000000800599c                I2C1_EV_IRQHandler
                0x000000000800599c                DMA1_Stream6_IRQHandler
                0x000000000800599c                DMA1_Stream1_IRQHandler
                0x000000000800599c                UART4_IRQHandler
                0x000000000800599c                TIM3_IRQHandler
                0x000000000800599c                RCC_IRQHandler
                0x000000000800599c                TIM8_BRK_TIM12_IRQHandler
                0x000000000800599c                Default_Handler
                0x000000000800599c                CEC_IRQHandler
                0x000000000800599c                EXTI15_10_IRQHandler
                0x000000000800599c                ADC_IRQHandler
                0x000000000800599c                DMA1_Stream7_IRQHandler
                0x000000000800599c                SPI5_IRQHandler
                0x000000000800599c                TIM7_IRQHandler
                0x000000000800599c                SDMMC1_IRQHandler
                0x000000000800599c                CAN2_TX_IRQHandler
                0x000000000800599c                TIM5_IRQHandler
                0x000000000800599c                DMA2_Stream7_IRQHandler
                0x000000000800599c                EXTI9_5_IRQHandler
                0x000000000800599c                RTC_WKUP_IRQHandler
                0x000000000800599c                LTDC_IRQHandler
                0x000000000800599c                ETH_WKUP_IRQHandler
                0x000000000800599c                SPDIF_RX_IRQHandler
                0x000000000800599c                SPI2_IRQHandler
                0x000000000800599c                OTG_HS_EP1_IN_IRQHandler
                0x000000000800599c                DMA1_Stream0_IRQHandler
                0x000000000800599c                CAN1_TX_IRQHandler
                0x000000000800599c                EXTI4_IRQHandler
                0x000000000800599c                RNG_IRQHandler
                0x000000000800599c                ETH_IRQHandler
                0x000000000800599c                OTG_HS_EP1_OUT_IRQHandler
                0x000000000800599c                WWDG_IRQHandler
                0x000000000800599c                SPI6_IRQHandler
                0x000000000800599c                I2C4_EV_IRQHandler
                0x000000000800599c                TIM2_IRQHandler
                0x000000000800599c                OTG_FS_WKUP_IRQHandler
                0x000000000800599c                TIM1_TRG_COM_TIM11_IRQHandler
                0x000000000800599c                OTG_HS_IRQHandler
                0x000000000800599c                DMA2D_IRQHandler
                0x000000000800599c                EXTI1_IRQHandler
                0x000000000800599c                UART7_IRQHandler
                0x000000000800599c                USART2_IRQHandler
                0x000000000800599c                I2C2_ER_IRQHandler
                0x000000000800599c                CAN1_SCE_IRQHandler
                0x000000000800599c                FLASH_IRQHandler
                0x000000000800599c                USART1_IRQHandler
                0x000000000800599c                OTG_FS_IRQHandler
                0x000000000800599c                SPI3_IRQHandler
                0x000000000800599c                DMA1_Stream4_IRQHandler
                0x000000000800599c                I2C1_ER_IRQHandler
                0x000000000800599c                FMC_IRQHandler
                0x000000000800599c                LPTIM1_IRQHandler
                0x000000000800599c                I2C4_ER_IRQHandler
                0x000000000800599c                DMA2_Stream6_IRQHandler
                0x000000000800599c                SAI1_IRQHandler
                0x000000000800599c                RTC_Alarm_IRQHandler
 *fill*         0x000000000800599e        0x2 
 .text.__errno  0x00000000080059a0        0xc /Users/georgrokita/.p2/pool/plugins/fr.ac6.mcu.externaltools.arm-none.macos64_1.17.0.201812190825/tools/compiler/bin/../lib/gcc/arm-none-eabi/7.3.1/../../../../arm-none-eabi/lib/thumb/v7e-m/fpv4-sp/hard/libc_nano.a(lib_a-errno.o)
                0x00000000080059a0                __errno
 .text.__libc_init_array
                0x00000000080059ac       0x48 /Users/georgrokita/.p2/pool/plugins/fr.ac6.mcu.externaltools.arm-none.macos64_1.17.0.201812190825/tools/compiler/bin/../lib/gcc/arm-none-eabi/7.3.1/../../../../arm-none-eabi/lib/thumb/v7e-m/fpv4-sp/hard/libc_nano.a(lib_a-init.o)
                0x00000000080059ac                __libc_init_array
 .text.memset   0x00000000080059f4       0x10 /Users/georgrokita/.p2/pool/plugins/fr.ac6.mcu.externaltools.arm-none.macos64_1.17.0.201812190825/tools/compiler/bin/../lib/gcc/arm-none-eabi/7.3.1/../../../../arm-none-eabi/lib/thumb/v7e-m/fpv4-sp/hard/libc_nano.a(lib_a-memset.o)
                0x00000000080059f4                memset
 .text.printf   0x0000000008005a04       0x30 /Users/georgrokita/.p2/pool/plugins/fr.ac6.mcu.externaltools.arm-none.macos64_1.17.0.201812190825/tools/compiler/bin/../lib/gcc/arm-none-eabi/7.3.1/../../../../arm-none-eabi/lib/thumb/v7e-m/fpv4-sp/hard/libc_nano.a(lib_a-printf.o)
                0x0000000008005a04                printf
                0x0000000008005a04                iprintf
 .text._puts_r  0x0000000008005a34       0xb8 /Users/georgrokita/.p2/pool/plugins/fr.ac6.mcu.externaltools.arm-none.macos64_1.17.0.201812190825/tools/compiler/bin/../lib/gcc/arm-none-eabi/7.3.1/../../../../arm-none-eabi/lib/thumb/v7e-m/fpv4-sp/hard/libc_nano.a(lib_a-puts.o)
                0x0000000008005a34                _puts_r
 .text.puts     0x0000000008005aec       0x10 /Users/georgrokita/.p2/pool/plugins/fr.ac6.mcu.externaltools.arm-none.macos64_1.17.0.201812190825/tools/compiler/bin/../lib/gcc/arm-none-eabi/7.3.1/../../../../arm-none-eabi/lib/thumb/v7e-m/fpv4-sp/hard/libc_nano.a(lib_a-puts.o)
                0x0000000008005aec                puts
 .text.__swbuf_r
                0x0000000008005afc       0xa4 /Users/georgrokita/.p2/pool/plugins/fr.ac6.mcu.externaltools.arm-none.macos64_1.17.0.201812190825/tools/compiler/bin/../lib/gcc/arm-none-eabi/7.3.1/../../../../arm-none-eabi/lib/thumb/v7e-m/fpv4-sp/hard/libc_nano.a(lib_a-wbuf.o)
                0x0000000008005afc                __swbuf_r
 .text.__swsetup_r
                0x0000000008005ba0       0xdc /Users/georgrokita/.p2/pool/plugins/fr.ac6.mcu.externaltools.arm-none.macos64_1.17.0.201812190825/tools/compiler/bin/../lib/gcc/arm-none-eabi/7.3.1/../../../../arm-none-eabi/lib/thumb/v7e-m/fpv4-sp/hard/libc_nano.a(lib_a-wsetup.o)
                0x0000000008005ba0                __swsetup_r
 .text.__sflush_r
                0x0000000008005c7c      0x10c /Users/georgrokita/.p2/pool/plugins/fr.ac6.mcu.externaltools.arm-none.macos64_1.17.0.201812190825/tools/compiler/bin/../lib/gcc/arm-none-eabi/7.3.1/../../../../arm-none-eabi/lib/thumb/v7e-m/fpv4-sp/hard/libc_nano.a(lib_a-fflush.o)
                0x0000000008005c7c                __sflush_r
 .text._fflush_r
                0x0000000008005d88       0x54 /Users/georgrokita/.p2/pool/plugins/fr.ac6.mcu.externaltools.arm-none.macos64_1.17.0.201812190825/tools/compiler/bin/../lib/gcc/arm-none-eabi/7.3.1/../../../../arm-none-eabi/lib/thumb/v7e-m/fpv4-sp/hard/libc_nano.a(lib_a-fflush.o)
                0x0000000008005d88                _fflush_r
 .text.std      0x0000000008005ddc       0x48 /Users/georgrokita/.p2/pool/plugins/fr.ac6.mcu.externaltools.arm-none.macos64_1.17.0.201812190825/tools/compiler/bin/../lib/gcc/arm-none-eabi/7.3.1/../../../../arm-none-eabi/lib/thumb/v7e-m/fpv4-sp/hard/libc_nano.a(lib_a-findfp.o)
 .text._cleanup_r
                0x0000000008005e24        0xc /Users/georgrokita/.p2/pool/plugins/fr.ac6.mcu.externaltools.arm-none.macos64_1.17.0.201812190825/tools/compiler/bin/../lib/gcc/arm-none-eabi/7.3.1/../../../../arm-none-eabi/lib/thumb/v7e-m/fpv4-sp/hard/libc_nano.a(lib_a-findfp.o)
                0x0000000008005e24                _cleanup_r
 .text.__sfmoreglue
                0x0000000008005e30       0x2c /Users/georgrokita/.p2/pool/plugins/fr.ac6.mcu.externaltools.arm-none.macos64_1.17.0.201812190825/tools/compiler/bin/../lib/gcc/arm-none-eabi/7.3.1/../../../../arm-none-eabi/lib/thumb/v7e-m/fpv4-sp/hard/libc_nano.a(lib_a-findfp.o)
                0x0000000008005e30                __sfmoreglue
 .text.__sinit  0x0000000008005e5c       0x60 /Users/georgrokita/.p2/pool/plugins/fr.ac6.mcu.externaltools.arm-none.macos64_1.17.0.201812190825/tools/compiler/bin/../lib/gcc/arm-none-eabi/7.3.1/../../../../arm-none-eabi/lib/thumb/v7e-m/fpv4-sp/hard/libc_nano.a(lib_a-findfp.o)
                0x0000000008005e5c                __sinit
 .text.__sfp    0x0000000008005ebc       0x78 /Users/georgrokita/.p2/pool/plugins/fr.ac6.mcu.externaltools.arm-none.macos64_1.17.0.201812190825/tools/compiler/bin/../lib/gcc/arm-none-eabi/7.3.1/../../../../arm-none-eabi/lib/thumb/v7e-m/fpv4-sp/hard/libc_nano.a(lib_a-findfp.o)
                0x0000000008005ebc                __sfp
 .text._fwalk_reent
                0x0000000008005f34       0x3c /Users/georgrokita/.p2/pool/plugins/fr.ac6.mcu.externaltools.arm-none.macos64_1.17.0.201812190825/tools/compiler/bin/../lib/gcc/arm-none-eabi/7.3.1/../../../../arm-none-eabi/lib/thumb/v7e-m/fpv4-sp/hard/libc_nano.a(lib_a-fwalk.o)
                0x0000000008005f34                _fwalk_reent
 .text.__swhatbuf_r
                0x0000000008005f70       0x48 /Users/georgrokita/.p2/pool/plugins/fr.ac6.mcu.externaltools.arm-none.macos64_1.17.0.201812190825/tools/compiler/bin/../lib/gcc/arm-none-eabi/7.3.1/../../../../arm-none-eabi/lib/thumb/v7e-m/fpv4-sp/hard/libc_nano.a(lib_a-makebuf.o)
                0x0000000008005f70                __swhatbuf_r
 .text.__smakebuf_r
                0x0000000008005fb8       0x80 /Users/georgrokita/.p2/pool/plugins/fr.ac6.mcu.externaltools.arm-none.macos64_1.17.0.201812190825/tools/compiler/bin/../lib/gcc/arm-none-eabi/7.3.1/../../../../arm-none-eabi/lib/thumb/v7e-m/fpv4-sp/hard/libc_nano.a(lib_a-makebuf.o)
                0x0000000008005fb8                __smakebuf_r
 .text._free_r  0x0000000008006038       0x9c /Users/georgrokita/.p2/pool/plugins/fr.ac6.mcu.externaltools.arm-none.macos64_1.17.0.201812190825/tools/compiler/bin/../lib/gcc/arm-none-eabi/7.3.1/../../../../arm-none-eabi/lib/thumb/v7e-m/fpv4-sp/hard/libc_nano.a(lib_a-nano-freer.o)
                0x0000000008006038                _free_r
 .text._malloc_r
                0x00000000080060d4       0xb4 /Users/georgrokita/.p2/pool/plugins/fr.ac6.mcu.externaltools.arm-none.macos64_1.17.0.201812190825/tools/compiler/bin/../lib/gcc/arm-none-eabi/7.3.1/../../../../arm-none-eabi/lib/thumb/v7e-m/fpv4-sp/hard/libc_nano.a(lib_a-nano-mallocr.o)
                0x00000000080060d4                _malloc_r
 .text.__sfputc_r
                0x0000000008006188       0x2e /Users/georgrokita/.p2/pool/plugins/fr.ac6.mcu.externaltools.arm-none.macos64_1.17.0.201812190825/tools/compiler/bin/../lib/gcc/arm-none-eabi/7.3.1/../../../../arm-none-eabi/lib/thumb/v7e-m/fpv4-sp/hard/libc_nano.a(lib_a-nano-vfprintf.o)
 .text.__sfputs_r
                0x00000000080061b6       0x24 /Users/georgrokita/.p2/pool/plugins/fr.ac6.mcu.externaltools.arm-none.macos64_1.17.0.201812190825/tools/compiler/bin/../lib/gcc/arm-none-eabi/7.3.1/../../../../arm-none-eabi/lib/thumb/v7e-m/fpv4-sp/hard/libc_nano.a(lib_a-nano-vfprintf.o)
                0x00000000080061b6                __sfputs_r
 *fill*         0x00000000080061da        0x2 
 .text._vfprintf_r
                0x00000000080061dc      0x22c /Users/georgrokita/.p2/pool/plugins/fr.ac6.mcu.externaltools.arm-none.macos64_1.17.0.201812190825/tools/compiler/bin/../lib/gcc/arm-none-eabi/7.3.1/../../../../arm-none-eabi/lib/thumb/v7e-m/fpv4-sp/hard/libc_nano.a(lib_a-nano-vfprintf.o)
                0x00000000080061dc                _vfiprintf_r
                0x00000000080061dc                _vfprintf_r
 .text._printf_common
                0x0000000008006408       0xea /Users/georgrokita/.p2/pool/plugins/fr.ac6.mcu.externaltools.arm-none.macos64_1.17.0.201812190825/tools/compiler/bin/../lib/gcc/arm-none-eabi/7.3.1/../../../../arm-none-eabi/lib/thumb/v7e-m/fpv4-sp/hard/libc_nano.a(lib_a-nano-vfprintf_i.o)
                0x0000000008006408                _printf_common
 *fill*         0x00000000080064f2        0x2 
 .text._printf_i
                0x00000000080064f4      0x224 /Users/georgrokita/.p2/pool/plugins/fr.ac6.mcu.externaltools.arm-none.macos64_1.17.0.201812190825/tools/compiler/bin/../lib/gcc/arm-none-eabi/7.3.1/../../../../arm-none-eabi/lib/thumb/v7e-m/fpv4-sp/hard/libc_nano.a(lib_a-nano-vfprintf_i.o)
                0x00000000080064f4                _printf_i
 .text._sbrk_r  0x0000000008006718       0x20 /Users/georgrokita/.p2/pool/plugins/fr.ac6.mcu.externaltools.arm-none.macos64_1.17.0.201812190825/tools/compiler/bin/../lib/gcc/arm-none-eabi/7.3.1/../../../../arm-none-eabi/lib/thumb/v7e-m/fpv4-sp/hard/libc_nano.a(lib_a-sbrkr.o)
                0x0000000008006718                _sbrk_r
 .text.__sread  0x0000000008006738       0x22 /Users/georgrokita/.p2/pool/plugins/fr.ac6.mcu.externaltools.arm-none.macos64_1.17.0.201812190825/tools/compiler/bin/../lib/gcc/arm-none-eabi/7.3.1/../../../../arm-none-eabi/lib/thumb/v7e-m/fpv4-sp/hard/libc_nano.a(lib_a-stdio.o)
                0x0000000008006738                __sread
 .text.__swrite
                0x000000000800675a       0x38 /Users/georgrokita/.p2/pool/plugins/fr.ac6.mcu.externaltools.arm-none.macos64_1.17.0.201812190825/tools/compiler/bin/../lib/gcc/arm-none-eabi/7.3.1/../../../../arm-none-eabi/lib/thumb/v7e-m/fpv4-sp/hard/libc_nano.a(lib_a-stdio.o)
                0x000000000800675a                __swrite
 .text.__sseek  0x0000000008006792       0x24 /Users/georgrokita/.p2/pool/plugins/fr.ac6.mcu.externaltools.arm-none.macos64_1.17.0.201812190825/tools/compiler/bin/../lib/gcc/arm-none-eabi/7.3.1/../../../../arm-none-eabi/lib/thumb/v7e-m/fpv4-sp/hard/libc_nano.a(lib_a-stdio.o)
                0x0000000008006792                __sseek
 .text.__sclose
                0x00000000080067b6        0x8 /Users/georgrokita/.p2/pool/plugins/fr.ac6.mcu.externaltools.arm-none.macos64_1.17.0.201812190825/tools/compiler/bin/../lib/gcc/arm-none-eabi/7.3.1/../../../../arm-none-eabi/lib/thumb/v7e-m/fpv4-sp/hard/libc_nano.a(lib_a-stdio.o)
                0x00000000080067b6                __sclose
 *fill*         0x00000000080067be        0x2 
 .text._write_r
                0x00000000080067c0       0x24 /Users/georgrokita/.p2/pool/plugins/fr.ac6.mcu.externaltools.arm-none.macos64_1.17.0.201812190825/tools/compiler/bin/../lib/gcc/arm-none-eabi/7.3.1/../../../../arm-none-eabi/lib/thumb/v7e-m/fpv4-sp/hard/libc_nano.a(lib_a-writer.o)
                0x00000000080067c0                _write_r
 .text._close_r
                0x00000000080067e4       0x20 /Users/georgrokita/.p2/pool/plugins/fr.ac6.mcu.externaltools.arm-none.macos64_1.17.0.201812190825/tools/compiler/bin/../lib/gcc/arm-none-eabi/7.3.1/../../../../arm-none-eabi/lib/thumb/v7e-m/fpv4-sp/hard/libc_nano.a(lib_a-closer.o)
                0x00000000080067e4                _close_r
 .text._fstat_r
                0x0000000008006804       0x24 /Users/georgrokita/.p2/pool/plugins/fr.ac6.mcu.externaltools.arm-none.macos64_1.17.0.201812190825/tools/compiler/bin/../lib/gcc/arm-none-eabi/7.3.1/../../../../arm-none-eabi/lib/thumb/v7e-m/fpv4-sp/hard/libc_nano.a(lib_a-fstatr.o)
                0x0000000008006804                _fstat_r
 .text._isatty_r
                0x0000000008006828       0x20 /Users/georgrokita/.p2/pool/plugins/fr.ac6.mcu.externaltools.arm-none.macos64_1.17.0.201812190825/tools/compiler/bin/../lib/gcc/arm-none-eabi/7.3.1/../../../../arm-none-eabi/lib/thumb/v7e-m/fpv4-sp/hard/libc_nano.a(lib_a-isattyr.o)
                0x0000000008006828                _isatty_r
 .text._lseek_r
                0x0000000008006848       0x24 /Users/georgrokita/.p2/pool/plugins/fr.ac6.mcu.externaltools.arm-none.macos64_1.17.0.201812190825/tools/compiler/bin/../lib/gcc/arm-none-eabi/7.3.1/../../../../arm-none-eabi/lib/thumb/v7e-m/fpv4-sp/hard/libc_nano.a(lib_a-lseekr.o)
                0x0000000008006848                _lseek_r
 .text.__malloc_lock
                0x000000000800686c        0x2 /Users/georgrokita/.p2/pool/plugins/fr.ac6.mcu.externaltools.arm-none.macos64_1.17.0.201812190825/tools/compiler/bin/../lib/gcc/arm-none-eabi/7.3.1/../../../../arm-none-eabi/lib/thumb/v7e-m/fpv4-sp/hard/libc_nano.a(lib_a-mlock.o)
                0x000000000800686c                __malloc_lock
 .text.__malloc_unlock
                0x000000000800686e        0x2 /Users/georgrokita/.p2/pool/plugins/fr.ac6.mcu.externaltools.arm-none.macos64_1.17.0.201812190825/tools/compiler/bin/../lib/gcc/arm-none-eabi/7.3.1/../../../../arm-none-eabi/lib/thumb/v7e-m/fpv4-sp/hard/libc_nano.a(lib_a-mlock.o)
                0x000000000800686e                __malloc_unlock
 .text._read_r  0x0000000008006870       0x24 /Users/georgrokita/.p2/pool/plugins/fr.ac6.mcu.externaltools.arm-none.macos64_1.17.0.201812190825/tools/compiler/bin/../lib/gcc/arm-none-eabi/7.3.1/../../../../arm-none-eabi/lib/thumb/v7e-m/fpv4-sp/hard/libc_nano.a(lib_a-readr.o)
                0x0000000008006870                _read_r
 *(.glue_7)
 .glue_7        0x0000000008006894        0x0 linker stubs
 *(.glue_7t)
 .glue_7t       0x0000000008006894        0x0 linker stubs
 *(.eh_frame)
 .eh_frame      0x0000000008006894        0x0 /Users/georgrokita/.p2/pool/plugins/fr.ac6.mcu.externaltools.arm-none.macos64_1.17.0.201812190825/tools/compiler/bin/../lib/gcc/arm-none-eabi/7.3.1/thumb/v7e-m/fpv4-sp/hard/crtbegin.o
 *(.init)
 .init          0x0000000008006894        0x4 /Users/georgrokita/.p2/pool/plugins/fr.ac6.mcu.externaltools.arm-none.macos64_1.17.0.201812190825/tools/compiler/bin/../lib/gcc/arm-none-eabi/7.3.1/thumb/v7e-m/fpv4-sp/hard/crti.o
                0x0000000008006894                _init
 .init          0x0000000008006898        0x8 /Users/georgrokita/.p2/pool/plugins/fr.ac6.mcu.externaltools.arm-none.macos64_1.17.0.201812190825/tools/compiler/bin/../lib/gcc/arm-none-eabi/7.3.1/thumb/v7e-m/fpv4-sp/hard/crtn.o
 *(.fini)
 .fini          0x00000000080068a0        0x4 /Users/georgrokita/.p2/pool/plugins/fr.ac6.mcu.externaltools.arm-none.macos64_1.17.0.201812190825/tools/compiler/bin/../lib/gcc/arm-none-eabi/7.3.1/thumb/v7e-m/fpv4-sp/hard/crti.o
                0x00000000080068a0                _fini
 .fini          0x00000000080068a4        0x8 /Users/georgrokita/.p2/pool/plugins/fr.ac6.mcu.externaltools.arm-none.macos64_1.17.0.201812190825/tools/compiler/bin/../lib/gcc/arm-none-eabi/7.3.1/thumb/v7e-m/fpv4-sp/hard/crtn.o
                0x00000000080068ac                . = ALIGN (0x4)
                0x00000000080068ac                _etext = .

.vfp11_veneer   0x00000000080068ac        0x0
 .vfp11_veneer  0x00000000080068ac        0x0 linker stubs

.v4_bx          0x00000000080068ac        0x0
 .v4_bx         0x00000000080068ac        0x0 linker stubs

.iplt           0x00000000080068ac        0x0
 .iplt          0x00000000080068ac        0x0 /Users/georgrokita/.p2/pool/plugins/fr.ac6.mcu.externaltools.arm-none.macos64_1.17.0.201812190825/tools/compiler/bin/../lib/gcc/arm-none-eabi/7.3.1/thumb/v7e-m/fpv4-sp/hard/crtbegin.o

.rodata         0x00000000080068ac      0x188
                0x00000000080068ac                . = ALIGN (0x4)
 *(.rodata)
 .rodata        0x00000000080068ac        0x8 Drivers/STM32F7xx_HAL_Driver/Src/stm32f7xx_hal_dma.o
 .rodata        0x00000000080068b4        0x8 Src/main.o
 .rodata        0x00000000080068bc       0x18 Src/system_stm32f7xx.o
                0x00000000080068bc                AHBPrescTable
                0x00000000080068cc                APBPrescTable
 *(.rodata*)
 .rodata.str1.4
                0x00000000080068d4       0xc8 Src/main.o
                                         0xca (size before relaxing)
 .rodata._global_impure_ptr
                0x000000000800699c        0x4 /Users/georgrokita/.p2/pool/plugins/fr.ac6.mcu.externaltools.arm-none.macos64_1.17.0.201812190825/tools/compiler/bin/../lib/gcc/arm-none-eabi/7.3.1/../../../../arm-none-eabi/lib/thumb/v7e-m/fpv4-sp/hard/libc_nano.a(lib_a-impure.o)
                0x000000000800699c                _global_impure_ptr
 .rodata.__sf_fake_stderr
                0x00000000080069a0       0x20 /Users/georgrokita/.p2/pool/plugins/fr.ac6.mcu.externaltools.arm-none.macos64_1.17.0.201812190825/tools/compiler/bin/../lib/gcc/arm-none-eabi/7.3.1/../../../../arm-none-eabi/lib/thumb/v7e-m/fpv4-sp/hard/libc_nano.a(lib_a-findfp.o)
                0x00000000080069a0                __sf_fake_stderr
 .rodata.__sf_fake_stdin
                0x00000000080069c0       0x20 /Users/georgrokita/.p2/pool/plugins/fr.ac6.mcu.externaltools.arm-none.macos64_1.17.0.201812190825/tools/compiler/bin/../lib/gcc/arm-none-eabi/7.3.1/../../../../arm-none-eabi/lib/thumb/v7e-m/fpv4-sp/hard/libc_nano.a(lib_a-findfp.o)
                0x00000000080069c0                __sf_fake_stdin
 .rodata.__sf_fake_stdout
                0x00000000080069e0       0x20 /Users/georgrokita/.p2/pool/plugins/fr.ac6.mcu.externaltools.arm-none.macos64_1.17.0.201812190825/tools/compiler/bin/../lib/gcc/arm-none-eabi/7.3.1/../../../../arm-none-eabi/lib/thumb/v7e-m/fpv4-sp/hard/libc_nano.a(lib_a-findfp.o)
                0x00000000080069e0                __sf_fake_stdout
 .rodata._vfprintf_r.str1.1
                0x0000000008006a00       0x11 /Users/georgrokita/.p2/pool/plugins/fr.ac6.mcu.externaltools.arm-none.macos64_1.17.0.201812190825/tools/compiler/bin/../lib/gcc/arm-none-eabi/7.3.1/../../../../arm-none-eabi/lib/thumb/v7e-m/fpv4-sp/hard/libc_nano.a(lib_a-nano-vfprintf.o)
 .rodata._printf_i.str1.1
                0x0000000008006a11       0x22 /Users/georgrokita/.p2/pool/plugins/fr.ac6.mcu.externaltools.arm-none.macos64_1.17.0.201812190825/tools/compiler/bin/../lib/gcc/arm-none-eabi/7.3.1/../../../../arm-none-eabi/lib/thumb/v7e-m/fpv4-sp/hard/libc_nano.a(lib_a-nano-vfprintf_i.o)
                0x0000000008006a34                . = ALIGN (0x4)
 *fill*         0x0000000008006a33        0x1 

.ARM.extab
 *(.ARM.extab* .gnu.linkonce.armextab.*)

.ARM            0x0000000008006a34        0x8
                0x0000000008006a34                __exidx_start = .
 *(.ARM.exidx*)
 .ARM.exidx     0x0000000008006a34        0x8 /Users/georgrokita/.p2/pool/plugins/fr.ac6.mcu.externaltools.arm-none.macos64_1.17.0.201812190825/tools/compiler/bin/../lib/gcc/arm-none-eabi/7.3.1/thumb/v7e-m/fpv4-sp/hard/libgcc.a(_udivmoddi4.o)
                0x0000000008006a3c                __exidx_end = .

.rel.dyn        0x0000000008006a3c        0x0
 .rel.iplt      0x0000000008006a3c        0x0 /Users/georgrokita/.p2/pool/plugins/fr.ac6.mcu.externaltools.arm-none.macos64_1.17.0.201812190825/tools/compiler/bin/../lib/gcc/arm-none-eabi/7.3.1/thumb/v7e-m/fpv4-sp/hard/crtbegin.o

.preinit_array  0x0000000008006a3c        0x0
                0x0000000008006a3c                PROVIDE (__preinit_array_start = .)
 *(.preinit_array*)
                0x0000000008006a3c                PROVIDE (__preinit_array_end = .)

.init_array     0x0000000008006a3c        0x4
                0x0000000008006a3c                PROVIDE (__init_array_start = .)
 *(SORT_BY_NAME(.init_array.*))
 *(.init_array*)
 .init_array    0x0000000008006a3c        0x4 /Users/georgrokita/.p2/pool/plugins/fr.ac6.mcu.externaltools.arm-none.macos64_1.17.0.201812190825/tools/compiler/bin/../lib/gcc/arm-none-eabi/7.3.1/thumb/v7e-m/fpv4-sp/hard/crtbegin.o
                0x0000000008006a40                PROVIDE (__init_array_end = .)

.fini_array     0x0000000008006a40        0x4
                [!provide]                        PROVIDE (__fini_array_start = .)
 *(SORT_BY_NAME(.fini_array.*))
 *(.fini_array*)
 .fini_array    0x0000000008006a40        0x4 /Users/georgrokita/.p2/pool/plugins/fr.ac6.mcu.externaltools.arm-none.macos64_1.17.0.201812190825/tools/compiler/bin/../lib/gcc/arm-none-eabi/7.3.1/thumb/v7e-m/fpv4-sp/hard/crtbegin.o
                [!provide]                        PROVIDE (__fini_array_end = .)
                0x0000000008006a44                _sidata = LOADADDR (.data)

.data           0x0000000020000000       0xa4 load address 0x0000000008006a44
                0x0000000020000000                . = ALIGN (0x4)
                0x0000000020000000                _sdata = .
 *(.data)
 .data          0x0000000020000000       0x34 Drivers/Components/wm8994.o
                0x0000000020000004                wm8994_drv
 .data          0x0000000020000034        0x8 Drivers/STM32F7xx_HAL_Driver/Src/stm32f7xx_hal.o
                0x0000000020000034                uwTickFreq
                0x0000000020000038                uwTickPrio
 .data          0x000000002000003c        0x4 Src/system_stm32f7xx.o
                0x000000002000003c                SystemCoreClock
 *(.data*)
 .data._impure_ptr
                0x0000000020000040        0x4 /Users/georgrokita/.p2/pool/plugins/fr.ac6.mcu.externaltools.arm-none.macos64_1.17.0.201812190825/tools/compiler/bin/../lib/gcc/arm-none-eabi/7.3.1/../../../../arm-none-eabi/lib/thumb/v7e-m/fpv4-sp/hard/libc_nano.a(lib_a-impure.o)
                0x0000000020000040                _impure_ptr
 .data.impure_data
                0x0000000020000044       0x60 /Users/georgrokita/.p2/pool/plugins/fr.ac6.mcu.externaltools.arm-none.macos64_1.17.0.201812190825/tools/compiler/bin/../lib/gcc/arm-none-eabi/7.3.1/../../../../arm-none-eabi/lib/thumb/v7e-m/fpv4-sp/hard/libc_nano.a(lib_a-impure.o)
                0x00000000200000a4                . = ALIGN (0x4)
                0x00000000200000a4                _edata = .

.igot.plt       0x00000000200000a4        0x0 load address 0x0000000008006ae8
 .igot.plt      0x00000000200000a4        0x0 /Users/georgrokita/.p2/pool/plugins/fr.ac6.mcu.externaltools.arm-none.macos64_1.17.0.201812190825/tools/compiler/bin/../lib/gcc/arm-none-eabi/7.3.1/thumb/v7e-m/fpv4-sp/hard/crtbegin.o
                0x00000000200000a4                . = ALIGN (0x4)

.bss            0x00000000200000a4     0x4600 load address 0x0000000008006ae8
                0x00000000200000a4                _sbss = .
                0x00000000200000a4                __bss_start__ = _sbss
 *(.bss)
 .bss           0x00000000200000a4       0x1c /Users/georgrokita/.p2/pool/plugins/fr.ac6.mcu.externaltools.arm-none.macos64_1.17.0.201812190825/tools/compiler/bin/../lib/gcc/arm-none-eabi/7.3.1/thumb/v7e-m/fpv4-sp/hard/crtbegin.o
 .bss           0x00000000200000c0        0x8 Drivers/Components/wm8994.o
 .bss           0x00000000200000c8       0x98 Drivers/STM32746G-Disco/stm32746g_discovery.o
 .bss           0x0000000020000160      0x228 Drivers/STM32746G-Disco/stm32746g_discovery_audio.o
                0x0000000020000160                haudio_out_sai
                0x00000000200001e4                haudio_in_sai
 .bss           0x0000000020000388       0x68 Src/main.o
                0x00000000200003ec                audio_tx_buffer_state
 .bss           0x00000000200003f0        0x4 Src/sai.o
 .bss           0x00000000200003f4        0x8 Src/syscalls.o
                0x00000000200003f8                __env
 *(.bss*)
 .bss.__malloc_free_list
                0x00000000200003fc        0x4 /Users/georgrokita/.p2/pool/plugins/fr.ac6.mcu.externaltools.arm-none.macos64_1.17.0.201812190825/tools/compiler/bin/../lib/gcc/arm-none-eabi/7.3.1/../../../../arm-none-eabi/lib/thumb/v7e-m/fpv4-sp/hard/libc_nano.a(lib_a-nano-mallocr.o)
                0x00000000200003fc                __malloc_free_list
 .bss.__malloc_sbrk_start
                0x0000000020000400        0x4 /Users/georgrokita/.p2/pool/plugins/fr.ac6.mcu.externaltools.arm-none.macos64_1.17.0.201812190825/tools/compiler/bin/../lib/gcc/arm-none-eabi/7.3.1/../../../../arm-none-eabi/lib/thumb/v7e-m/fpv4-sp/hard/libc_nano.a(lib_a-nano-mallocr.o)
                0x0000000020000400                __malloc_sbrk_start
 *(COMMON)
 COMMON         0x0000000020000404       0xb4 Drivers/STM32746G-Disco/stm32746g_discovery_audio.o
                0x0000000020000404                haudio_tim
                0x00000000200004b4                audio_drv
 COMMON         0x00000000200004b8        0x4 Drivers/STM32F7xx_HAL_Driver/Src/stm32f7xx_hal.o
                0x00000000200004b8                uwTick
 COMMON         0x00000000200004bc       0xa8 Src/adc.o
                0x00000000200004bc                hdma_adc3
                0x000000002000051c                hadc3
 COMMON         0x0000000020000564       0x4c Src/i2c.o
                0x0000000020000564                hi2c3
 COMMON         0x00000000200005b0     0x400c Src/main.o
                0x00000000200005b0                RecordBuffer
                0x00000000200025b0                PlaybackBuffer
                0x00000000200045b0                rightSample
                0x00000000200045b2                audioIsOk
                0x00000000200045b4                leftSample
                0x00000000200045b8                audio_rec_buffer_state
 COMMON         0x00000000200045bc       0xe4 Src/sai.o
                0x00000000200045bc                hsai_BlockA2
                0x0000000020004640                hdma_sai2_a
 COMMON         0x00000000200046a0        0x4 /Users/georgrokita/.p2/pool/plugins/fr.ac6.mcu.externaltools.arm-none.macos64_1.17.0.201812190825/tools/compiler/bin/../lib/gcc/arm-none-eabi/7.3.1/../../../../arm-none-eabi/lib/thumb/v7e-m/fpv4-sp/hard/libc_nano.a(lib_a-reent.o)
                0x00000000200046a0                errno
                0x00000000200046a4                . = ALIGN (0x4)
                0x00000000200046a4                _ebss = .
                0x00000000200046a4                __bss_end__ = _ebss

._user_heap_stack
                0x00000000200046a4      0x604 load address 0x0000000008006ae8
                0x00000000200046a8                . = ALIGN (0x8)
 *fill*         0x00000000200046a4        0x4 
                0x00000000200046a8                PROVIDE (end = .)
                [!provide]                        PROVIDE (_end = .)
                0x00000000200048a8                . = (. + _Min_Heap_Size)
 *fill*         0x00000000200046a8      0x200 
                0x0000000020004ca8                . = (. + _Min_Stack_Size)
 *fill*         0x00000000200048a8      0x400 
                0x0000000020004ca8                . = ALIGN (0x8)

/DISCARD/
 libc.a(*)
 libm.a(*)
 libgcc.a(*)

.ARM.attributes
                0x0000000000000000       0x30
 *(.ARM.attributes)
 .ARM.attributes
                0x0000000000000000       0x22 /Users/georgrokita/.p2/pool/plugins/fr.ac6.mcu.externaltools.arm-none.macos64_1.17.0.201812190825/tools/compiler/bin/../lib/gcc/arm-none-eabi/7.3.1/thumb/v7e-m/fpv4-sp/hard/crti.o
 .ARM.attributes
                0x0000000000000022       0x34 /Users/georgrokita/.p2/pool/plugins/fr.ac6.mcu.externaltools.arm-none.macos64_1.17.0.201812190825/tools/compiler/bin/../lib/gcc/arm-none-eabi/7.3.1/thumb/v7e-m/fpv4-sp/hard/crtbegin.o
 .ARM.attributes
                0x0000000000000056       0x39 Drivers/Components/wm8994.o
 .ARM.attributes
                0x000000000000008f       0x39 Drivers/STM32746G-Disco/stm32746g_discovery.o
 .ARM.attributes
                0x00000000000000c8       0x39 Drivers/STM32746G-Disco/stm32746g_discovery_audio.o
 .ARM.attributes
                0x0000000000000101       0x39 Drivers/STM32F7xx_HAL_Driver/Src/stm32f7xx_hal.o
 .ARM.attributes
                0x000000000000013a       0x39 Drivers/STM32F7xx_HAL_Driver/Src/stm32f7xx_hal_adc.o
 .ARM.attributes
                0x0000000000000173       0x39 Drivers/STM32F7xx_HAL_Driver/Src/stm32f7xx_hal_cortex.o
 .ARM.attributes
                0x00000000000001ac       0x39 Drivers/STM32F7xx_HAL_Driver/Src/stm32f7xx_hal_dma.o
 .ARM.attributes
                0x00000000000001e5       0x39 Drivers/STM32F7xx_HAL_Driver/Src/stm32f7xx_hal_gpio.o
 .ARM.attributes
                0x000000000000021e       0x39 Drivers/STM32F7xx_HAL_Driver/Src/stm32f7xx_hal_i2c.o
 .ARM.attributes
                0x0000000000000257       0x39 Drivers/STM32F7xx_HAL_Driver/Src/stm32f7xx_hal_i2c_ex.o
 .ARM.attributes
                0x0000000000000290       0x39 Drivers/STM32F7xx_HAL_Driver/Src/stm32f7xx_hal_rcc.o
 .ARM.attributes
                0x00000000000002c9       0x39 Drivers/STM32F7xx_HAL_Driver/Src/stm32f7xx_hal_rcc_ex.o
 .ARM.attributes
                0x0000000000000302       0x39 Drivers/STM32F7xx_HAL_Driver/Src/stm32f7xx_hal_sai.o
 .ARM.attributes
                0x000000000000033b       0x39 Src/adc.o
 .ARM.attributes
                0x0000000000000374       0x39 Src/dma.o
 .ARM.attributes
                0x00000000000003ad       0x39 Src/gfxsimulator.o
 .ARM.attributes
                0x00000000000003e6       0x39 Src/gpio.o
 .ARM.attributes
                0x000000000000041f       0x39 Src/i2c.o
 .ARM.attributes
                0x0000000000000458       0x39 Src/main.o
 .ARM.attributes
                0x0000000000000491       0x39 Src/sai.o
 .ARM.attributes
                0x00000000000004ca       0x39 Src/stm32f7xx_hal_msp.o
 .ARM.attributes
                0x0000000000000503       0x39 Src/stm32f7xx_it.o
 .ARM.attributes
                0x000000000000053c       0x39 Src/syscalls.o
 .ARM.attributes
                0x0000000000000575       0x39 Src/system_stm32f7xx.o
 .ARM.attributes
                0x00000000000005ae       0x21 startup/startup_stm32f746xx.o
 .ARM.attributes
                0x00000000000005cf       0x22 /Users/georgrokita/.p2/pool/plugins/fr.ac6.mcu.externaltools.arm-none.macos64_1.17.0.201812190825/tools/compiler/bin/../lib/gcc/arm-none-eabi/7.3.1/thumb/v7e-m/fpv4-sp/hard/libgcc.a(_aeabi_uldivmod.o)
 .ARM.attributes
                0x00000000000005f1       0x34 /Users/georgrokita/.p2/pool/plugins/fr.ac6.mcu.externaltools.arm-none.macos64_1.17.0.201812190825/tools/compiler/bin/../lib/gcc/arm-none-eabi/7.3.1/thumb/v7e-m/fpv4-sp/hard/libgcc.a(_udivmoddi4.o)
 .ARM.attributes
                0x0000000000000625       0x22 /Users/georgrokita/.p2/pool/plugins/fr.ac6.mcu.externaltools.arm-none.macos64_1.17.0.201812190825/tools/compiler/bin/../lib/gcc/arm-none-eabi/7.3.1/thumb/v7e-m/fpv4-sp/hard/libgcc.a(_dvmd_tls.o)
 .ARM.attributes
                0x0000000000000647       0x34 /Users/georgrokita/.p2/pool/plugins/fr.ac6.mcu.externaltools.arm-none.macos64_1.17.0.201812190825/tools/compiler/bin/../lib/gcc/arm-none-eabi/7.3.1/../../../../arm-none-eabi/lib/thumb/v7e-m/fpv4-sp/hard/libc_nano.a(lib_a-errno.o)
 .ARM.attributes
                0x000000000000067b       0x34 /Users/georgrokita/.p2/pool/plugins/fr.ac6.mcu.externaltools.arm-none.macos64_1.17.0.201812190825/tools/compiler/bin/../lib/gcc/arm-none-eabi/7.3.1/../../../../arm-none-eabi/lib/thumb/v7e-m/fpv4-sp/hard/libc_nano.a(lib_a-impure.o)
 .ARM.attributes
                0x00000000000006af       0x34 /Users/georgrokita/.p2/pool/plugins/fr.ac6.mcu.externaltools.arm-none.macos64_1.17.0.201812190825/tools/compiler/bin/../lib/gcc/arm-none-eabi/7.3.1/../../../../arm-none-eabi/lib/thumb/v7e-m/fpv4-sp/hard/libc_nano.a(lib_a-init.o)
 .ARM.attributes
                0x00000000000006e3       0x34 /Users/georgrokita/.p2/pool/plugins/fr.ac6.mcu.externaltools.arm-none.macos64_1.17.0.201812190825/tools/compiler/bin/../lib/gcc/arm-none-eabi/7.3.1/../../../../arm-none-eabi/lib/thumb/v7e-m/fpv4-sp/hard/libc_nano.a(lib_a-memset.o)
 .ARM.attributes
                0x0000000000000717       0x34 /Users/georgrokita/.p2/pool/plugins/fr.ac6.mcu.externaltools.arm-none.macos64_1.17.0.201812190825/tools/compiler/bin/../lib/gcc/arm-none-eabi/7.3.1/../../../../arm-none-eabi/lib/thumb/v7e-m/fpv4-sp/hard/libc_nano.a(lib_a-printf.o)
 .ARM.attributes
                0x000000000000074b       0x34 /Users/georgrokita/.p2/pool/plugins/fr.ac6.mcu.externaltools.arm-none.macos64_1.17.0.201812190825/tools/compiler/bin/../lib/gcc/arm-none-eabi/7.3.1/../../../../arm-none-eabi/lib/thumb/v7e-m/fpv4-sp/hard/libc_nano.a(lib_a-puts.o)
 .ARM.attributes
                0x000000000000077f       0x34 /Users/georgrokita/.p2/pool/plugins/fr.ac6.mcu.externaltools.arm-none.macos64_1.17.0.201812190825/tools/compiler/bin/../lib/gcc/arm-none-eabi/7.3.1/../../../../arm-none-eabi/lib/thumb/v7e-m/fpv4-sp/hard/libc_nano.a(lib_a-wbuf.o)
 .ARM.attributes
                0x00000000000007b3       0x34 /Users/georgrokita/.p2/pool/plugins/fr.ac6.mcu.externaltools.arm-none.macos64_1.17.0.201812190825/tools/compiler/bin/../lib/gcc/arm-none-eabi/7.3.1/../../../../arm-none-eabi/lib/thumb/v7e-m/fpv4-sp/hard/libc_nano.a(lib_a-wsetup.o)
 .ARM.attributes
                0x00000000000007e7       0x34 /Users/georgrokita/.p2/pool/plugins/fr.ac6.mcu.externaltools.arm-none.macos64_1.17.0.201812190825/tools/compiler/bin/../lib/gcc/arm-none-eabi/7.3.1/../../../../arm-none-eabi/lib/thumb/v7e-m/fpv4-sp/hard/libc_nano.a(lib_a-fflush.o)
 .ARM.attributes
                0x000000000000081b       0x34 /Users/georgrokita/.p2/pool/plugins/fr.ac6.mcu.externaltools.arm-none.macos64_1.17.0.201812190825/tools/compiler/bin/../lib/gcc/arm-none-eabi/7.3.1/../../../../arm-none-eabi/lib/thumb/v7e-m/fpv4-sp/hard/libc_nano.a(lib_a-findfp.o)
 .ARM.attributes
                0x000000000000084f       0x34 /Users/georgrokita/.p2/pool/plugins/fr.ac6.mcu.externaltools.arm-none.macos64_1.17.0.201812190825/tools/compiler/bin/../lib/gcc/arm-none-eabi/7.3.1/../../../../arm-none-eabi/lib/thumb/v7e-m/fpv4-sp/hard/libc_nano.a(lib_a-fwalk.o)
 .ARM.attributes
                0x0000000000000883       0x34 /Users/georgrokita/.p2/pool/plugins/fr.ac6.mcu.externaltools.arm-none.macos64_1.17.0.201812190825/tools/compiler/bin/../lib/gcc/arm-none-eabi/7.3.1/../../../../arm-none-eabi/lib/thumb/v7e-m/fpv4-sp/hard/libc_nano.a(lib_a-makebuf.o)
 .ARM.attributes
                0x00000000000008b7       0x34 /Users/georgrokita/.p2/pool/plugins/fr.ac6.mcu.externaltools.arm-none.macos64_1.17.0.201812190825/tools/compiler/bin/../lib/gcc/arm-none-eabi/7.3.1/../../../../arm-none-eabi/lib/thumb/v7e-m/fpv4-sp/hard/libc_nano.a(lib_a-nano-freer.o)
 .ARM.attributes
                0x00000000000008eb       0x34 /Users/georgrokita/.p2/pool/plugins/fr.ac6.mcu.externaltools.arm-none.macos64_1.17.0.201812190825/tools/compiler/bin/../lib/gcc/arm-none-eabi/7.3.1/../../../../arm-none-eabi/lib/thumb/v7e-m/fpv4-sp/hard/libc_nano.a(lib_a-nano-mallocr.o)
 .ARM.attributes
                0x000000000000091f       0x34 /Users/georgrokita/.p2/pool/plugins/fr.ac6.mcu.externaltools.arm-none.macos64_1.17.0.201812190825/tools/compiler/bin/../lib/gcc/arm-none-eabi/7.3.1/../../../../arm-none-eabi/lib/thumb/v7e-m/fpv4-sp/hard/libc_nano.a(lib_a-nano-vfprintf.o)
 .ARM.attributes
                0x0000000000000953       0x34 /Users/georgrokita/.p2/pool/plugins/fr.ac6.mcu.externaltools.arm-none.macos64_1.17.0.201812190825/tools/compiler/bin/../lib/gcc/arm-none-eabi/7.3.1/../../../../arm-none-eabi/lib/thumb/v7e-m/fpv4-sp/hard/libc_nano.a(lib_a-nano-vfprintf_i.o)
 .ARM.attributes
                0x0000000000000987       0x34 /Users/georgrokita/.p2/pool/plugins/fr.ac6.mcu.externaltools.arm-none.macos64_1.17.0.201812190825/tools/compiler/bin/../lib/gcc/arm-none-eabi/7.3.1/../../../../arm-none-eabi/lib/thumb/v7e-m/fpv4-sp/hard/libc_nano.a(lib_a-sbrkr.o)
 .ARM.attributes
                0x00000000000009bb       0x34 /Users/georgrokita/.p2/pool/plugins/fr.ac6.mcu.externaltools.arm-none.macos64_1.17.0.201812190825/tools/compiler/bin/../lib/gcc/arm-none-eabi/7.3.1/../../../../arm-none-eabi/lib/thumb/v7e-m/fpv4-sp/hard/libc_nano.a(lib_a-stdio.o)
 .ARM.attributes
                0x00000000000009ef       0x34 /Users/georgrokita/.p2/pool/plugins/fr.ac6.mcu.externaltools.arm-none.macos64_1.17.0.201812190825/tools/compiler/bin/../lib/gcc/arm-none-eabi/7.3.1/../../../../arm-none-eabi/lib/thumb/v7e-m/fpv4-sp/hard/libc_nano.a(lib_a-writer.o)
 .ARM.attributes
                0x0000000000000a23       0x34 /Users/georgrokita/.p2/pool/plugins/fr.ac6.mcu.externaltools.arm-none.macos64_1.17.0.201812190825/tools/compiler/bin/../lib/gcc/arm-none-eabi/7.3.1/../../../../arm-none-eabi/lib/thumb/v7e-m/fpv4-sp/hard/libc_nano.a(lib_a-closer.o)
 .ARM.attributes
                0x0000000000000a57       0x34 /Users/georgrokita/.p2/pool/plugins/fr.ac6.mcu.externaltools.arm-none.macos64_1.17.0.201812190825/tools/compiler/bin/../lib/gcc/arm-none-eabi/7.3.1/../../../../arm-none-eabi/lib/thumb/v7e-m/fpv4-sp/hard/libc_nano.a(lib_a-fstatr.o)
 .ARM.attributes
                0x0000000000000a8b       0x34 /Users/georgrokita/.p2/pool/plugins/fr.ac6.mcu.externaltools.arm-none.macos64_1.17.0.201812190825/tools/compiler/bin/../lib/gcc/arm-none-eabi/7.3.1/../../../../arm-none-eabi/lib/thumb/v7e-m/fpv4-sp/hard/libc_nano.a(lib_a-isattyr.o)
 .ARM.attributes
                0x0000000000000abf       0x34 /Users/georgrokita/.p2/pool/plugins/fr.ac6.mcu.externaltools.arm-none.macos64_1.17.0.201812190825/tools/compiler/bin/../lib/gcc/arm-none-eabi/7.3.1/../../../../arm-none-eabi/lib/thumb/v7e-m/fpv4-sp/hard/libc_nano.a(lib_a-lseekr.o)
 .ARM.attributes
                0x0000000000000af3       0x20 /Users/georgrokita/.p2/pool/plugins/fr.ac6.mcu.externaltools.arm-none.macos64_1.17.0.201812190825/tools/compiler/bin/../lib/gcc/arm-none-eabi/7.3.1/../../../../arm-none-eabi/lib/thumb/v7e-m/fpv4-sp/hard/libc_nano.a(lib_a-memchr.o)
 .ARM.attributes
                0x0000000000000b13       0x34 /Users/georgrokita/.p2/pool/plugins/fr.ac6.mcu.externaltools.arm-none.macos64_1.17.0.201812190825/tools/compiler/bin/../lib/gcc/arm-none-eabi/7.3.1/../../../../arm-none-eabi/lib/thumb/v7e-m/fpv4-sp/hard/libc_nano.a(lib_a-mlock.o)
 .ARM.attributes
                0x0000000000000b47       0x34 /Users/georgrokita/.p2/pool/plugins/fr.ac6.mcu.externaltools.arm-none.macos64_1.17.0.201812190825/tools/compiler/bin/../lib/gcc/arm-none-eabi/7.3.1/../../../../arm-none-eabi/lib/thumb/v7e-m/fpv4-sp/hard/libc_nano.a(lib_a-readr.o)
 .ARM.attributes
                0x0000000000000b7b       0x34 /Users/georgrokita/.p2/pool/plugins/fr.ac6.mcu.externaltools.arm-none.macos64_1.17.0.201812190825/tools/compiler/bin/../lib/gcc/arm-none-eabi/7.3.1/../../../../arm-none-eabi/lib/thumb/v7e-m/fpv4-sp/hard/libc_nano.a(lib_a-reent.o)
 .ARM.attributes
                0x0000000000000baf       0x22 /Users/georgrokita/.p2/pool/plugins/fr.ac6.mcu.externaltools.arm-none.macos64_1.17.0.201812190825/tools/compiler/bin/../lib/gcc/arm-none-eabi/7.3.1/thumb/v7e-m/fpv4-sp/hard/crtn.o
OUTPUT(ExpBoard_SamplingRate.elf elf32-littlearm)

.debug_info     0x0000000000000000    0x18284
 .debug_info    0x0000000000000000     0x1c1f Drivers/Components/wm8994.o
 .debug_info    0x0000000000001c1f     0x1d0d Drivers/STM32746G-Disco/stm32746g_discovery.o
 .debug_info    0x000000000000392c     0x2594 Drivers/STM32746G-Disco/stm32746g_discovery_audio.o
 .debug_info    0x0000000000005ec0      0xa6f Drivers/STM32F7xx_HAL_Driver/Src/stm32f7xx_hal.o
 .debug_info    0x000000000000692f      0xdbc Drivers/STM32F7xx_HAL_Driver/Src/stm32f7xx_hal_adc.o
 .debug_info    0x00000000000076eb     0x11ae Drivers/STM32F7xx_HAL_Driver/Src/stm32f7xx_hal_cortex.o
 .debug_info    0x0000000000008899      0xaaf Drivers/STM32F7xx_HAL_Driver/Src/stm32f7xx_hal_dma.o
 .debug_info    0x0000000000009348      0x7e9 Drivers/STM32F7xx_HAL_Driver/Src/stm32f7xx_hal_gpio.o
 .debug_info    0x0000000000009b31     0x397c Drivers/STM32F7xx_HAL_Driver/Src/stm32f7xx_hal_i2c.o
 .debug_info    0x000000000000d4ad      0x73d Drivers/STM32F7xx_HAL_Driver/Src/stm32f7xx_hal_i2c_ex.o
 .debug_info    0x000000000000dbea      0xb3b Drivers/STM32F7xx_HAL_Driver/Src/stm32f7xx_hal_rcc.o
 .debug_info    0x000000000000e725      0x8a5 Drivers/STM32F7xx_HAL_Driver/Src/stm32f7xx_hal_rcc_ex.o
 .debug_info    0x000000000000efca     0x15fc Drivers/STM32F7xx_HAL_Driver/Src/stm32f7xx_hal_sai.o
 .debug_info    0x00000000000105c6      0xb1b Src/adc.o
 .debug_info    0x00000000000110e1      0x671 Src/dma.o
 .debug_info    0x0000000000011752      0x182 Src/gfxsimulator.o
 .debug_info    0x00000000000118d4      0x57c Src/gpio.o
 .debug_info    0x0000000000011e50      0xe58 Src/i2c.o
 .debug_info    0x0000000000012ca8     0x2173 Src/main.o
 .debug_info    0x0000000000014e1b      0xe5f Src/sai.o
 .debug_info    0x0000000000015c7a      0x389 Src/stm32f7xx_hal_msp.o
 .debug_info    0x0000000000016003      0xb4a Src/stm32f7xx_it.o
 .debug_info    0x0000000000016b4d      0xfd3 Src/syscalls.o
 .debug_info    0x0000000000017b20      0x742 Src/system_stm32f7xx.o
 .debug_info    0x0000000000018262       0x22 startup/startup_stm32f746xx.o

.debug_abbrev   0x0000000000000000     0x30e5
 .debug_abbrev  0x0000000000000000      0x19c Drivers/Components/wm8994.o
 .debug_abbrev  0x000000000000019c      0x2fe Drivers/STM32746G-Disco/stm32746g_discovery.o
 .debug_abbrev  0x000000000000049a      0x320 Drivers/STM32746G-Disco/stm32746g_discovery_audio.o
 .debug_abbrev  0x00000000000007ba      0x1ed Drivers/STM32F7xx_HAL_Driver/Src/stm32f7xx_hal.o
 .debug_abbrev  0x00000000000009a7      0x233 Drivers/STM32F7xx_HAL_Driver/Src/stm32f7xx_hal_adc.o
 .debug_abbrev  0x0000000000000bda      0x328 Drivers/STM32F7xx_HAL_Driver/Src/stm32f7xx_hal_cortex.o
 .debug_abbrev  0x0000000000000f02      0x290 Drivers/STM32F7xx_HAL_Driver/Src/stm32f7xx_hal_dma.o
 .debug_abbrev  0x0000000000001192      0x1e7 Drivers/STM32F7xx_HAL_Driver/Src/stm32f7xx_hal_gpio.o
 .debug_abbrev  0x0000000000001379      0x26e Drivers/STM32F7xx_HAL_Driver/Src/stm32f7xx_hal_i2c.o
 .debug_abbrev  0x00000000000015e7      0x178 Drivers/STM32F7xx_HAL_Driver/Src/stm32f7xx_hal_i2c_ex.o
 .debug_abbrev  0x000000000000175f      0x241 Drivers/STM32F7xx_HAL_Driver/Src/stm32f7xx_hal_rcc.o
 .debug_abbrev  0x00000000000019a0      0x1de Drivers/STM32F7xx_HAL_Driver/Src/stm32f7xx_hal_rcc_ex.o
 .debug_abbrev  0x0000000000001b7e      0x262 Drivers/STM32F7xx_HAL_Driver/Src/stm32f7xx_hal_sai.o
 .debug_abbrev  0x0000000000001de0      0x1cf Src/adc.o
 .debug_abbrev  0x0000000000001faf      0x140 Src/dma.o
 .debug_abbrev  0x00000000000020ef       0xae Src/gfxsimulator.o
 .debug_abbrev  0x000000000000219d      0x162 Src/gpio.o
 .debug_abbrev  0x00000000000022ff      0x1dd Src/i2c.o
 .debug_abbrev  0x00000000000024dc      0x345 Src/main.o
 .debug_abbrev  0x0000000000002821      0x1ea Src/sai.o
 .debug_abbrev  0x0000000000002a0b      0x109 Src/stm32f7xx_hal_msp.o
 .debug_abbrev  0x0000000000002b14      0x1a4 Src/stm32f7xx_it.o
 .debug_abbrev  0x0000000000002cb8      0x2d4 Src/syscalls.o
 .debug_abbrev  0x0000000000002f8c      0x147 Src/system_stm32f7xx.o
 .debug_abbrev  0x00000000000030d3       0x12 startup/startup_stm32f746xx.o

.debug_loc      0x0000000000000000     0xa964
 .debug_loc     0x0000000000000000      0x9fd Drivers/Components/wm8994.o
 .debug_loc     0x00000000000009fd      0x835 Drivers/STM32746G-Disco/stm32746g_discovery.o
 .debug_loc     0x0000000000001232      0x903 Drivers/STM32746G-Disco/stm32746g_discovery_audio.o
 .debug_loc     0x0000000000001b35       0xfd Drivers/STM32F7xx_HAL_Driver/Src/stm32f7xx_hal.o
 .debug_loc     0x0000000000001c32      0x881 Drivers/STM32F7xx_HAL_Driver/Src/stm32f7xx_hal_adc.o
 .debug_loc     0x00000000000024b3      0x5c0 Drivers/STM32F7xx_HAL_Driver/Src/stm32f7xx_hal_cortex.o
 .debug_loc     0x0000000000002a73      0xbc6 Drivers/STM32F7xx_HAL_Driver/Src/stm32f7xx_hal_dma.o
 .debug_loc     0x0000000000003639      0x497 Drivers/STM32F7xx_HAL_Driver/Src/stm32f7xx_hal_gpio.o
 .debug_loc     0x0000000000003ad0     0x4798 Drivers/STM32F7xx_HAL_Driver/Src/stm32f7xx_hal_i2c.o
 .debug_loc     0x0000000000008268      0x11c Drivers/STM32F7xx_HAL_Driver/Src/stm32f7xx_hal_i2c_ex.o
 .debug_loc     0x0000000000008384      0x4b9 Drivers/STM32F7xx_HAL_Driver/Src/stm32f7xx_hal_rcc.o
 .debug_loc     0x000000000000883d      0x5e6 Drivers/STM32F7xx_HAL_Driver/Src/stm32f7xx_hal_rcc_ex.o
 .debug_loc     0x0000000000008e23     0x1361 Drivers/STM32F7xx_HAL_Driver/Src/stm32f7xx_hal_sai.o
 .debug_loc     0x000000000000a184       0x63 Src/adc.o
 .debug_loc     0x000000000000a1e7       0x74 Src/i2c.o
 .debug_loc     0x000000000000a25b      0x1b4 Src/main.o
 .debug_loc     0x000000000000a40f       0x68 Src/sai.o
 .debug_loc     0x000000000000a477      0x3af Src/syscalls.o
 .debug_loc     0x000000000000a826      0x13e Src/system_stm32f7xx.o

.debug_aranges  0x0000000000000000      0xea0
 .debug_aranges
                0x0000000000000000       0x80 Drivers/Components/wm8994.o
 .debug_aranges
                0x0000000000000080      0x118 Drivers/STM32746G-Disco/stm32746g_discovery.o
 .debug_aranges
                0x0000000000000198      0x160 Drivers/STM32746G-Disco/stm32746g_discovery_audio.o
 .debug_aranges
                0x00000000000002f8      0x100 Drivers/STM32F7xx_HAL_Driver/Src/stm32f7xx_hal.o
 .debug_aranges
                0x00000000000003f8       0xe8 Drivers/STM32F7xx_HAL_Driver/Src/stm32f7xx_hal_adc.o
 .debug_aranges
                0x00000000000004e0       0xa8 Drivers/STM32F7xx_HAL_Driver/Src/stm32f7xx_hal_cortex.o
 .debug_aranges
                0x0000000000000588       0x90 Drivers/STM32F7xx_HAL_Driver/Src/stm32f7xx_hal_dma.o
 .debug_aranges
                0x0000000000000618       0x58 Drivers/STM32F7xx_HAL_Driver/Src/stm32f7xx_hal_gpio.o
 .debug_aranges
                0x0000000000000670      0x288 Drivers/STM32F7xx_HAL_Driver/Src/stm32f7xx_hal_i2c.o
 .debug_aranges
                0x00000000000008f8       0x28 Drivers/STM32F7xx_HAL_Driver/Src/stm32f7xx_hal_i2c_ex.o
 .debug_aranges
                0x0000000000000920       0x88 Drivers/STM32F7xx_HAL_Driver/Src/stm32f7xx_hal_rcc.o
 .debug_aranges
                0x00000000000009a8       0x50 Drivers/STM32F7xx_HAL_Driver/Src/stm32f7xx_hal_rcc_ex.o
 .debug_aranges
                0x00000000000009f8      0x178 Drivers/STM32F7xx_HAL_Driver/Src/stm32f7xx_hal_sai.o
 .debug_aranges
                0x0000000000000b70       0x30 Src/adc.o
 .debug_aranges
                0x0000000000000ba0       0x20 Src/dma.o
 .debug_aranges
                0x0000000000000bc0       0x20 Src/gfxsimulator.o
 .debug_aranges
                0x0000000000000be0       0x20 Src/gpio.o
 .debug_aranges
                0x0000000000000c00       0x30 Src/i2c.o
 .debug_aranges
                0x0000000000000c30       0xa0 Src/main.o
 .debug_aranges
                0x0000000000000cd0       0x30 Src/sai.o
 .debug_aranges
                0x0000000000000d00       0x20 Src/stm32f7xx_hal_msp.o
 .debug_aranges
                0x0000000000000d20       0x80 Src/stm32f7xx_it.o
 .debug_aranges
                0x0000000000000da0       0xb0 Src/syscalls.o
 .debug_aranges
                0x0000000000000e50       0x28 Src/system_stm32f7xx.o
 .debug_aranges
                0x0000000000000e78       0x28 startup/startup_stm32f746xx.o

.debug_ranges   0x0000000000000000      0xda8
 .debug_ranges  0x0000000000000000       0x70 Drivers/Components/wm8994.o
 .debug_ranges  0x0000000000000070      0x108 Drivers/STM32746G-Disco/stm32746g_discovery.o
 .debug_ranges  0x0000000000000178      0x150 Drivers/STM32746G-Disco/stm32746g_discovery_audio.o
 .debug_ranges  0x00000000000002c8       0xf0 Drivers/STM32F7xx_HAL_Driver/Src/stm32f7xx_hal.o
 .debug_ranges  0x00000000000003b8       0xd8 Drivers/STM32F7xx_HAL_Driver/Src/stm32f7xx_hal_adc.o
 .debug_ranges  0x0000000000000490       0xf8 Drivers/STM32F7xx_HAL_Driver/Src/stm32f7xx_hal_cortex.o
 .debug_ranges  0x0000000000000588       0x80 Drivers/STM32F7xx_HAL_Driver/Src/stm32f7xx_hal_dma.o
 .debug_ranges  0x0000000000000608       0x48 Drivers/STM32F7xx_HAL_Driver/Src/stm32f7xx_hal_gpio.o
 .debug_ranges  0x0000000000000650      0x278 Drivers/STM32F7xx_HAL_Driver/Src/stm32f7xx_hal_i2c.o
 .debug_ranges  0x00000000000008c8       0x18 Drivers/STM32F7xx_HAL_Driver/Src/stm32f7xx_hal_i2c_ex.o
 .debug_ranges  0x00000000000008e0       0x78 Drivers/STM32F7xx_HAL_Driver/Src/stm32f7xx_hal_rcc.o
 .debug_ranges  0x0000000000000958       0x40 Drivers/STM32F7xx_HAL_Driver/Src/stm32f7xx_hal_rcc_ex.o
 .debug_ranges  0x0000000000000998      0x198 Drivers/STM32F7xx_HAL_Driver/Src/stm32f7xx_hal_sai.o
 .debug_ranges  0x0000000000000b30       0x20 Src/adc.o
 .debug_ranges  0x0000000000000b50       0x10 Src/dma.o
 .debug_ranges  0x0000000000000b60       0x10 Src/gfxsimulator.o
 .debug_ranges  0x0000000000000b70       0x10 Src/gpio.o
 .debug_ranges  0x0000000000000b80       0x20 Src/i2c.o
 .debug_ranges  0x0000000000000ba0       0x90 Src/main.o
 .debug_ranges  0x0000000000000c30       0x20 Src/sai.o
 .debug_ranges  0x0000000000000c50       0x10 Src/stm32f7xx_hal_msp.o
 .debug_ranges  0x0000000000000c60       0x70 Src/stm32f7xx_it.o
 .debug_ranges  0x0000000000000cd0       0xa0 Src/syscalls.o
 .debug_ranges  0x0000000000000d70       0x18 Src/system_stm32f7xx.o
 .debug_ranges  0x0000000000000d88       0x20 startup/startup_stm32f746xx.o

.debug_macro    0x0000000000000000    0x27893
 .debug_macro   0x0000000000000000       0x81 Drivers/Components/wm8994.o
 .debug_macro   0x0000000000000081      0xa6c Drivers/Components/wm8994.o
 .debug_macro   0x0000000000000aed       0x22 Drivers/Components/wm8994.o
 .debug_macro   0x0000000000000b0f       0x8e Drivers/Components/wm8994.o
 .debug_macro   0x0000000000000b9d       0x51 Drivers/Components/wm8994.o
 .debug_macro   0x0000000000000bee       0xef Drivers/Components/wm8994.o
 .debug_macro   0x0000000000000cdd       0x6a Drivers/Components/wm8994.o
 .debug_macro   0x0000000000000d47      0x1df Drivers/Components/wm8994.o
 .debug_macro   0x0000000000000f26       0x10 Drivers/Components/wm8994.o
 .debug_macro   0x0000000000000f36       0xbe Drivers/Components/wm8994.o
 .debug_macro   0x0000000000000ff4      0x20b Drivers/STM32746G-Disco/stm32746g_discovery.o
 .debug_macro   0x00000000000011ff      0x18b Drivers/STM32746G-Disco/stm32746g_discovery.o
 .debug_macro   0x000000000000138a       0x2e Drivers/STM32746G-Disco/stm32746g_discovery.o
 .debug_macro   0x00000000000013b8       0x3b Drivers/STM32746G-Disco/stm32746g_discovery.o
 .debug_macro   0x00000000000013f3       0x1c Drivers/STM32746G-Disco/stm32746g_discovery.o
 .debug_macro   0x000000000000140f       0x22 Drivers/STM32746G-Disco/stm32746g_discovery.o
 .debug_macro   0x0000000000001431       0xdf Drivers/STM32746G-Disco/stm32746g_discovery.o
 .debug_macro   0x0000000000001510     0x12cd Drivers/STM32746G-Disco/stm32746g_discovery.o
 .debug_macro   0x00000000000027dd      0x11f Drivers/STM32746G-Disco/stm32746g_discovery.o
 .debug_macro   0x00000000000028fc       0x19 Drivers/STM32746G-Disco/stm32746g_discovery.o
 .debug_macro   0x0000000000002915    0x1882d Drivers/STM32746G-Disco/stm32746g_discovery.o
 .debug_macro   0x000000000001b142       0x43 Drivers/STM32746G-Disco/stm32746g_discovery.o
 .debug_macro   0x000000000001b185     0x363d Drivers/STM32746G-Disco/stm32746g_discovery.o
 .debug_macro   0x000000000001e7c2      0x174 Drivers/STM32746G-Disco/stm32746g_discovery.o
 .debug_macro   0x000000000001e936       0x55 Drivers/STM32746G-Disco/stm32746g_discovery.o
 .debug_macro   0x000000000001e98b     0x18ad Drivers/STM32746G-Disco/stm32746g_discovery.o
 .debug_macro   0x0000000000020238      0x6c4 Drivers/STM32746G-Disco/stm32746g_discovery.o
 .debug_macro   0x00000000000208fc      0x103 Drivers/STM32746G-Disco/stm32746g_discovery.o
 .debug_macro   0x00000000000209ff      0x117 Drivers/STM32746G-Disco/stm32746g_discovery.o
 .debug_macro   0x0000000000020b16      0x1fe Drivers/STM32746G-Disco/stm32746g_discovery.o
 .debug_macro   0x0000000000020d14       0x27 Drivers/STM32746G-Disco/stm32746g_discovery.o
 .debug_macro   0x0000000000020d3b      0x24f Drivers/STM32746G-Disco/stm32746g_discovery.o
 .debug_macro   0x0000000000020f8a       0x41 Drivers/STM32746G-Disco/stm32746g_discovery.o
 .debug_macro   0x0000000000020fcb       0x58 Drivers/STM32746G-Disco/stm32746g_discovery.o
 .debug_macro   0x0000000000021023      0x236 Drivers/STM32746G-Disco/stm32746g_discovery.o
 .debug_macro   0x0000000000021259      0x408 Drivers/STM32746G-Disco/stm32746g_discovery.o
 .debug_macro   0x0000000000021661      0x161 Drivers/STM32746G-Disco/stm32746g_discovery.o
 .debug_macro   0x00000000000217c2      0x100 Drivers/STM32746G-Disco/stm32746g_discovery.o
 .debug_macro   0x00000000000218c2      0x14f Drivers/STM32746G-Disco/stm32746g_discovery.o
 .debug_macro   0x0000000000021a11      0x25b Drivers/STM32746G-Disco/stm32746g_discovery.o
 .debug_macro   0x0000000000021c6c       0x12 Drivers/STM32746G-Disco/stm32746g_discovery.o
 .debug_macro   0x0000000000021c7e      0x22c Drivers/STM32746G-Disco/stm32746g_discovery.o
 .debug_macro   0x0000000000021eaa       0x5a Drivers/STM32746G-Disco/stm32746g_discovery.o
 .debug_macro   0x0000000000021f04       0xa5 Drivers/STM32746G-Disco/stm32746g_discovery.o
 .debug_macro   0x0000000000021fa9      0x12f Drivers/STM32746G-Disco/stm32746g_discovery.o
 .debug_macro   0x00000000000220d8      0x108 Drivers/STM32746G-Disco/stm32746g_discovery.o
 .debug_macro   0x00000000000221e0       0x35 Drivers/STM32746G-Disco/stm32746g_discovery.o
 .debug_macro   0x0000000000022215      0x447 Drivers/STM32746G-Disco/stm32746g_discovery.o
 .debug_macro   0x000000000002265c      0x14e Drivers/STM32746G-Disco/stm32746g_discovery.o
 .debug_macro   0x00000000000227aa      0x262 Drivers/STM32746G-Disco/stm32746g_discovery.o
 .debug_macro   0x0000000000022a0c      0x22d Drivers/STM32746G-Disco/stm32746g_discovery_audio.o